Component: ARM Compiler 5.06 update 4 (build 422) Tool: armlink [4d35d2]

==============================================================================

Section Cross References

    startup.o(STACK) refers (Special) to heapauxi.o(.text) for __use_two_region_memory
    startup.o(HEAP) refers (Special) to heapauxi.o(.text) for __use_two_region_memory
    startup.o(RESET) refers (Special) to heapauxi.o(.text) for __use_two_region_memory
    startup.o(RESET) refers to startup.o(STACK) for Stack_Top
    startup.o(RESET) refers to __main.o(!!!main) for __main
    startup.o(.text) refers (Special) to heapauxi.o(.text) for __use_two_region_memory
    startup.o(.text) refers to startup.o(HEAP) for Heap_Mem
    startup.o(.text) refers to startup.o(STACK) for Stack_Mem
    lib_funcs.o(i.delayMS) refers to lib_funcs.o(i.delayUS) for delayUS
    lib_funcs.o(i.fgetc) refers to lib_funcs.o(i.uartRead) for uartRead
    lib_funcs.o(i.fgetc) refers to lib_funcs.o(i.uartWrite) for uartWrite
    lib_funcs.o(i.fputc) refers to lib_funcs.o(i.uartWrite) for uartWrite
    lib_funcs.o(i.initClocks) refers to lib_funcs.o(i.setupPLL0) for setupPLL0
    lib_funcs.o(i.initClocks) refers to lib_funcs.o(i.feedSeq) for feedSeq
    lib_funcs.o(i.initClocks) refers to lib_funcs.o(i.connectPLL0) for connectPLL0
    main.o(i.main) refers to _printf_percent.o(.ARM.Collect$$_printf_percent$$00000000) for _printf_percent
    main.o(i.main) refers to _printf_f.o(.ARM.Collect$$_printf_percent$$00000003) for _printf_f
    main.o(i.main) refers to printf1.o(x$fpl$printf1) for _printf_fp_dec
    main.o(i.main) refers to lib_funcs.o(i.initClocks) for initClocks
    main.o(i.main) refers to lib_funcs.o(i.initUART0) for initUART0
    main.o(i.main) refers to lib_funcs.o(i.initTimer0) for initTimer0
    main.o(i.main) refers to noretval__2printf.o(.text) for __2printf
    main.o(i.main) refers to lib_funcs.o(i.delayUS) for delayUS
    main.o(i.main) refers to lib_funcs.o(i.startTimer0) for startTimer0
    main.o(i.main) refers to lib_funcs.o(i.stopTimer0) for stopTimer0
    main.o(i.main) refers to dflt_noclz.o(x$fpl$dflt) for __aeabi_i2d
    main.o(i.main) refers to dmul.o(x$fpl$dmul) for __aeabi_dmul
    main.o(i.main) refers to ddiv.o(x$fpl$ddiv) for __aeabi_ddiv
    main.o(i.main) refers to d2f.o(x$fpl$d2f) for __aeabi_d2f
    main.o(i.main) refers to f2d.o(x$fpl$f2d) for __aeabi_f2d
    main.o(i.main) refers to lib_funcs.o(i.delayMS) for delayMS
    __2printf.o(.text) refers to _printf_char_file.o(.text) for _printf_char_file
    __2printf.o(.text) refers to lib_funcs.o(.data) for __stdout
    noretval__2printf.o(.text) refers to _printf_char_file.o(.text) for _printf_char_file
    noretval__2printf.o(.text) refers to lib_funcs.o(.data) for __stdout
    __printf.o(.text) refers to __printf.o(i.__ARM_common_call_via_r1) for __ARM_common_call_via_r1
    __printf.o(.text) refers to _printf_percent.o(.ARM.Collect$$_printf_percent$$00000000) for _printf_percent
    __printf.o(.text) refers to __printf.o(i.__ARM_common_call_via_r2) for __ARM_common_call_via_r2
    __printf_flags.o(.text) refers to __printf.o(i.__ARM_common_call_via_r1) for __ARM_common_call_via_r1
    __printf_flags.o(.text) refers to _printf_percent.o(.ARM.Collect$$_printf_percent$$00000000) for _printf_percent
    __printf_flags.o(.text) refers to __printf.o(i.__ARM_common_call_via_r2) for __ARM_common_call_via_r2
    __printf_flags.o(.text) refers to __printf_flags.o(.constdata) for .constdata
    __printf_ss.o(.text) refers to __printf.o(i.__ARM_common_call_via_r1) for __ARM_common_call_via_r1
    __printf_ss.o(.text) refers to _printf_percent.o(.ARM.Collect$$_printf_percent$$00000000) for _printf_percent
    __printf_ss.o(.text) refers to __printf.o(i.__ARM_common_call_via_r2) for __ARM_common_call_via_r2
    __printf_flags_ss.o(.text) refers to __printf.o(i.__ARM_common_call_via_r1) for __ARM_common_call_via_r1
    __printf_flags_ss.o(.text) refers to _printf_percent.o(.ARM.Collect$$_printf_percent$$00000000) for _printf_percent
    __printf_flags_ss.o(.text) refers to __printf.o(i.__ARM_common_call_via_r2) for __ARM_common_call_via_r2
    __printf_flags_ss.o(.text) refers to __printf_flags_ss.o(.constdata) for .constdata
    __printf_wp.o(.text) refers to __printf.o(i.__ARM_common_call_via_r1) for __ARM_common_call_via_r1
    __printf_wp.o(.text) refers to __printf_wp.o(i._is_digit) for _is_digit
    __printf_wp.o(.text) refers to _printf_percent.o(.ARM.Collect$$_printf_percent$$00000000) for _printf_percent
    __printf_wp.o(.text) refers to __printf.o(i.__ARM_common_call_via_r2) for __ARM_common_call_via_r2
    __printf_flags_wp.o(.text) refers to __printf.o(i.__ARM_common_call_via_r1) for __ARM_common_call_via_r1
    __printf_flags_wp.o(.text) refers to __printf_wp.o(i._is_digit) for _is_digit
    __printf_flags_wp.o(.text) refers to _printf_percent.o(.ARM.Collect$$_printf_percent$$00000000) for _printf_percent
    __printf_flags_wp.o(.text) refers to __printf.o(i.__ARM_common_call_via_r2) for __ARM_common_call_via_r2
    __printf_flags_wp.o(.text) refers to __printf_flags_wp.o(.constdata) for .constdata
    __printf_ss_wp.o(.text) refers to __printf.o(i.__ARM_common_call_via_r1) for __ARM_common_call_via_r1
    __printf_ss_wp.o(.text) refers to __printf_wp.o(i._is_digit) for _is_digit
    __printf_ss_wp.o(.text) refers to _printf_percent.o(.ARM.Collect$$_printf_percent$$00000000) for _printf_percent
    __printf_ss_wp.o(.text) refers to __printf.o(i.__ARM_common_call_via_r2) for __ARM_common_call_via_r2
    __printf_flags_ss_wp.o(.text) refers to __printf.o(i.__ARM_common_call_via_r1) for __ARM_common_call_via_r1
    __printf_flags_ss_wp.o(.text) refers to __printf_wp.o(i._is_digit) for _is_digit
    __printf_flags_ss_wp.o(.text) refers to _printf_percent.o(.ARM.Collect$$_printf_percent$$00000000) for _printf_percent
    __printf_flags_ss_wp.o(.text) refers to __printf.o(i.__ARM_common_call_via_r2) for __ARM_common_call_via_r2
    __printf_flags_ss_wp.o(.text) refers to __printf_flags_ss_wp.o(.constdata) for .constdata
    _printf_f.o(.ARM.Collect$$_printf_percent$$00000003) refers (Weak) to printf1.o(x$fpl$printf1) for _printf_fp_dec
    _printf_percent.o(.ARM.Collect$$_printf_percent$$00000000) refers (Special) to _printf_percent_end.o(.ARM.Collect$$_printf_percent$$00000017) for _printf_percent_end
    __main.o(!!!main) refers to __rtentry.o(.ARM.Collect$$rtentry$$00000000) for __rt_entry
    d2f.o(x$fpl$d2f) refers (Special) to usenofp.o(x$fpl$usenofp) for __I$use$fp
    d2f.o(x$fpl$d2f) refers to fretinf.o(x$fpl$fretinf) for __fpl_fretinf
    d2f.o(x$fpl$d2f) refers to dnaninf.o(x$fpl$dnaninf) for __fpl_dnaninf
    ddiv.o(x$fpl$drdiv) refers (Special) to usenofp.o(x$fpl$usenofp) for __I$use$fp
    ddiv.o(x$fpl$drdiv) refers to ddiv.o(x$fpl$ddiv) for ddiv_entry
    ddiv.o(x$fpl$ddiv) refers (Special) to usenofp.o(x$fpl$usenofp) for __I$use$fp
    ddiv.o(x$fpl$ddiv) refers to dretinf.o(x$fpl$dretinf) for __fpl_dretinf
    ddiv.o(x$fpl$ddiv) refers to dnaninf.o(x$fpl$dnaninf) for __fpl_dnaninf
    dflt_noclz.o(x$fpl$dfltu) refers (Special) to usenofp.o(x$fpl$usenofp) for __I$use$fp
    dflt_noclz.o(x$fpl$dfltu) refers to dflt_noclz.o(x$fpl$dflt) for __dflt_normalise
    dflt_noclz.o(x$fpl$dflt) refers (Special) to usenofp.o(x$fpl$usenofp) for __I$use$fp
    dmul.o(x$fpl$dmul) refers (Special) to usenofp.o(x$fpl$usenofp) for __I$use$fp
    dmul.o(x$fpl$dmul) refers to dretinf.o(x$fpl$dretinf) for __fpl_dretinf
    dmul.o(x$fpl$dmul) refers to dnaninf.o(x$fpl$dnaninf) for __fpl_dnaninf
    f2d.o(x$fpl$f2d) refers (Special) to usenofp.o(x$fpl$usenofp) for __I$use$fp
    f2d.o(x$fpl$f2d) refers to fnaninf.o(x$fpl$fnaninf) for __fpl_fnaninf
    f2d.o(x$fpl$f2d) refers to dretinf.o(x$fpl$dretinf) for __fpl_dretinf
    printf1.o(x$fpl$printf1) refers to _printf_fp_dec.o(.text) for _printf_fp_dec_real
    __rtentry.o(.ARM.Collect$$rtentry$$00000000) refers (Special) to __rtentry2.o(.ARM.Collect$$rtentry$$0000000A) for __rt_entry_li
    __rtentry.o(.ARM.Collect$$rtentry$$00000000) refers (Special) to __rtentry2.o(.ARM.Collect$$rtentry$$0000000D) for __rt_entry_main
    __rtentry.o(.ARM.Collect$$rtentry$$00000000) refers (Special) to __rtentry2.o(.ARM.Collect$$rtentry$$0000000C) for __rt_entry_postli_1
    __rtentry.o(.ARM.Collect$$rtentry$$00000000) refers (Special) to __rtentry2.o(.ARM.Collect$$rtentry$$00000009) for __rt_entry_postsh_1
    __rtentry.o(.ARM.Collect$$rtentry$$00000000) refers (Special) to __rtentry2.o(.ARM.Collect$$rtentry$$00000002) for __rt_entry_presh_1
    __rtentry.o(.ARM.Collect$$rtentry$$00000000) refers (Special) to __rtentry4.o(.ARM.Collect$$rtentry$$00000004) for __rt_entry_sh
    _printf_fp_dec.o(.text) refers (Special) to usenofp.o(x$fpl$usenofp) for __I$use$fp
    _printf_fp_dec.o(.text) refers (Special) to lc_numeric_c.o(locale$$code) for _get_lc_numeric
    _printf_fp_dec.o(.text) refers to istatus.o(x$fpl$ieeestatus) for __ieee_status
    _printf_fp_dec.o(.text) refers to bigflt0.o(.text) for _btod_etento
    _printf_fp_dec.o(.text) refers to btod.o(CL$$btod_d2e) for _btod_d2e
    _printf_fp_dec.o(.text) refers to btod.o(CL$$btod_ediv) for _btod_ediv
    _printf_fp_dec.o(.text) refers to btod.o(CL$$btod_emul) for _btod_emul
    _printf_fp_dec.o(.text) refers to lludiv10.o(.text) for _ll_udiv10
    _printf_fp_dec.o(.text) refers to fpclassify.o(i.__ARM_fpclassify) for __ARM_fpclassify
    _printf_fp_dec.o(.text) refers to _printf_fp_infnan.o(.text) for _printf_fp_infnan
    _printf_fp_dec.o(.text) refers to rtudiv10.o(.text) for __rt_udiv10
    _printf_fp_dec.o(.text) refers to __printf.o(i.__ARM_common_call_via_r2) for __ARM_common_call_via_r2
    _printf_fp_dec.o(.text) refers to rt_locale_intlibspace.o(.text) for __rt_locale
    _printf_char_file.o(.text) refers to _printf_char_common.o(.text) for _printf_char_common
    _printf_char_file.o(.text) refers to ferror.o(.text) for ferror
    _printf_char_file.o(.text) refers to lib_funcs.o(i.fputc) for fputc
    dnaninf.o(x$fpl$dnaninf) refers (Special) to usenofp.o(x$fpl$usenofp) for __I$use$fp
    dretinf.o(x$fpl$dretinf) refers (Special) to usenofp.o(x$fpl$usenofp) for __I$use$fp
    fnaninf.o(x$fpl$fnaninf) refers (Special) to usenofp.o(x$fpl$usenofp) for __I$use$fp
    fretinf.o(x$fpl$fretinf) refers (Special) to usenofp.o(x$fpl$usenofp) for __I$use$fp
    __rtentry2.o(.ARM.Collect$$rtentry$$00000008) refers to boardinit2.o(.text) for _platform_post_stackheap_init
    __rtentry2.o(.ARM.Collect$$rtentry$$0000000A) refers to libinit.o(.ARM.Collect$$libinit$$00000000) for __rt_lib_init
    __rtentry2.o(.ARM.Collect$$rtentry$$0000000B) refers to boardinit3.o(.text) for _platform_post_lib_init
    __rtentry2.o(.ARM.Collect$$rtentry$$0000000D) refers to exit.o(.text) for exit
    __rtentry2.o(.ARM.Collect$$rtentry$$0000000D) refers to main.o(i.main) for main
    __rtentry2.o(.ARM.exidx) refers to __rtentry2.o(.ARM.Collect$$rtentry$$00000001) for .ARM.Collect$$rtentry$$00000001
    __rtentry2.o(.ARM.exidx) refers to __rtentry2.o(.ARM.Collect$$rtentry$$00000008) for .ARM.Collect$$rtentry$$00000008
    __rtentry2.o(.ARM.exidx) refers to __rtentry2.o(.ARM.Collect$$rtentry$$0000000A) for .ARM.Collect$$rtentry$$0000000A
    __rtentry2.o(.ARM.exidx) refers to __rtentry2.o(.ARM.Collect$$rtentry$$0000000B) for .ARM.Collect$$rtentry$$0000000B
    __rtentry2.o(.ARM.exidx) refers to __rtentry2.o(.ARM.Collect$$rtentry$$0000000D) for .ARM.Collect$$rtentry$$0000000D
    __rtentry4.o(.ARM.Collect$$rtentry$$00000004) refers to sys_stackheap_outer.o(.text) for __user_setup_stackheap
    __rtentry4.o(.ARM.exidx) refers to __rtentry4.o(.ARM.Collect$$rtentry$$00000004) for .ARM.Collect$$rtentry$$00000004
    rt_locale.o(.text) refers to rt_locale.o(.bss) for __rt_locale_data
    rt_locale_intlibspace.o(.text) refers to libspace.o(.bss) for __libspace_start
    _printf_char_common.o(.text) refers to __printf_flags_wp.o(.text) for __printf
    _printf_fp_infnan.o(.text) refers to __printf.o(i.__ARM_common_call_via_r2) for __ARM_common_call_via_r2
    bigflt0.o(.text) refers (Special) to usenofp.o(x$fpl$usenofp) for __I$use$fp
    bigflt0.o(.text) refers to aeabi_sdiv.o(.text) for __aeabi_idivmod
    bigflt0.o(.text) refers to btod.o(CL$$btod_emul) for _btod_emul
    bigflt0.o(.text) refers to btod.o(CL$$btod_ediv) for _btod_ediv
    bigflt0.o(.text) refers to bigflt0.o(.constdata) for .constdata
    bigflt0.o(.constdata) refers (Special) to usenofp.o(x$fpl$usenofp) for __I$use$fp
    btod.o(CL$$btod_d2e) refers (Special) to usenofp.o(x$fpl$usenofp) for __I$use$fp
    btod.o(CL$$btod_d2e) refers to btod.o(CL$$btod_d2e_norm_op1) for _d2e_norm_op1
    btod.o(CL$$btod_d2e_norm_op1) refers (Special) to usenofp.o(x$fpl$usenofp) for __I$use$fp
    btod.o(CL$$btod_d2e_norm_op1) refers to btod.o(CL$$btod_d2e_denorm_low) for _d2e_denorm_low
    btod.o(CL$$btod_d2e_denorm_low) refers (Special) to usenofp.o(x$fpl$usenofp) for __I$use$fp
    btod.o(CL$$btod_emul) refers (Special) to usenofp.o(x$fpl$usenofp) for __I$use$fp
    btod.o(CL$$btod_emul) refers to btod.o(CL$$btod_mult_common) for __btod_mult_common
    btod.o(CL$$btod_emul) refers to btod.o(CL$$btod_e2e) for _e2e
    btod.o(CL$$btod_ediv) refers (Special) to usenofp.o(x$fpl$usenofp) for __I$use$fp
    btod.o(CL$$btod_ediv) refers to btod.o(CL$$btod_div_common) for __btod_div_common
    btod.o(CL$$btod_ediv) refers to btod.o(CL$$btod_e2e) for _e2e
    btod.o(CL$$btod_emuld) refers (Special) to usenofp.o(x$fpl$usenofp) for __I$use$fp
    btod.o(CL$$btod_emuld) refers to btod.o(CL$$btod_mult_common) for __btod_mult_common
    btod.o(CL$$btod_emuld) refers to btod.o(CL$$btod_e2d) for _e2d
    btod.o(CL$$btod_edivd) refers (Special) to usenofp.o(x$fpl$usenofp) for __I$use$fp
    btod.o(CL$$btod_edivd) refers to btod.o(CL$$btod_div_common) for __btod_div_common
    btod.o(CL$$btod_edivd) refers to btod.o(CL$$btod_e2d) for _e2d
    btod.o(CL$$btod_e2e) refers (Special) to usenofp.o(x$fpl$usenofp) for __I$use$fp
    btod.o(CL$$btod_e2d) refers (Special) to usenofp.o(x$fpl$usenofp) for __I$use$fp
    btod.o(CL$$btod_e2d) refers to btod.o(CL$$btod_e2e) for _e2e
    btod.o(CL$$btod_mult_common) refers (Special) to usenofp.o(x$fpl$usenofp) for __I$use$fp
    btod.o(CL$$btod_div_common) refers (Special) to usenofp.o(x$fpl$usenofp) for __I$use$fp
    lc_numeric_c.o(locale$$data) refers (Special) to libinit2.o(.ARM.Collect$$libinit$$00000016) for __rt_lib_init_lc_numeric_2
    lc_numeric_c.o(locale$$code) refers (Special) to libinit2.o(.ARM.Collect$$libinit$$00000016) for __rt_lib_init_lc_numeric_2
    lc_numeric_c.o(locale$$code) refers to strcmp.o(.text) for strcmp
    lc_numeric_c.o(locale$$code) refers to lc_numeric_c.o(locale$$data) for __lcnum_c_name
    istatus.o(x$fpl$ieeestatus) refers (Special) to usenofp.o(x$fpl$usenofp) for __I$use$fp
    fpclassify.o(i.__ARM_fpclassify) refers (Special) to usenofp.o(x$fpl$usenofp) for __I$use$fp
    libspace.o(.text) refers to libspace.o(.bss) for __libspace_start
    sys_stackheap_outer.o(.text) refers to libspace.o(.text) for __user_perproc_libspace
    sys_stackheap_outer.o(.text) refers to startup.o(.text) for __user_initial_stackheap
    __printf_nopercent.o(.text) refers to __printf_nopercent.o(i.__ARM_common_call_via_r7) for __ARM_common_call_via_r7
    __printf_nopercent.o(.text) refers to __printf_nopercent.o(i.__ARM_common_call_via_r5) for __ARM_common_call_via_r5
    exit.o(.text) refers to rtexit.o(.ARM.Collect$$rtexit$$00000000) for __rt_exit
    aeabi_sdiv.o(.text_udiv) refers to aeabi_sdiv.o(.text) for __arm_div2
    aeabi_sdiv_div0.o(.text_udiv) refers to aeabi_sdiv_div0.o(.text) for __arm_div2
    libinit.o(.ARM.Collect$$libinit$$00000000) refers (Special) to libinit2.o(.ARM.Collect$$libinit$$0000002E) for __rt_lib_init_alloca_1
    libinit.o(.ARM.Collect$$libinit$$00000000) refers (Special) to libinit2.o(.ARM.Collect$$libinit$$0000002C) for __rt_lib_init_argv_1
    libinit.o(.ARM.Collect$$libinit$$00000000) refers (Special) to libinit2.o(.ARM.Collect$$libinit$$0000001B) for __rt_lib_init_atexit_1
    libinit.o(.ARM.Collect$$libinit$$00000000) refers (Special) to libinit2.o(.ARM.Collect$$libinit$$00000021) for __rt_lib_init_clock_1
    libinit.o(.ARM.Collect$$libinit$$00000000) refers (Special) to libinit2.o(.ARM.Collect$$libinit$$00000032) for __rt_lib_init_cpp_1
    libinit.o(.ARM.Collect$$libinit$$00000000) refers (Special) to libinit2.o(.ARM.Collect$$libinit$$00000030) for __rt_lib_init_exceptions_1
    libinit.o(.ARM.Collect$$libinit$$00000000) refers (Special) to libinit2.o(.ARM.Collect$$libinit$$00000002) for __rt_lib_init_fp_1
    libinit.o(.ARM.Collect$$libinit$$00000000) refers (Special) to libinit2.o(.ARM.Collect$$libinit$$0000001F) for __rt_lib_init_fp_trap_1
    libinit.o(.ARM.Collect$$libinit$$00000000) refers (Special) to libinit2.o(.ARM.Collect$$libinit$$00000023) for __rt_lib_init_getenv_1
    libinit.o(.ARM.Collect$$libinit$$00000000) refers (Special) to libinit2.o(.ARM.Collect$$libinit$$0000000A) for __rt_lib_init_heap_1
    libinit.o(.ARM.Collect$$libinit$$00000000) refers (Special) to libinit2.o(.ARM.Collect$$libinit$$00000011) for __rt_lib_init_lc_collate_1
    libinit.o(.ARM.Collect$$libinit$$00000000) refers (Special) to libinit2.o(.ARM.Collect$$libinit$$00000013) for __rt_lib_init_lc_ctype_1
    libinit.o(.ARM.Collect$$libinit$$00000000) refers (Special) to libinit2.o(.ARM.Collect$$libinit$$00000015) for __rt_lib_init_lc_monetary_1
    libinit.o(.ARM.Collect$$libinit$$00000000) refers (Special) to libinit2.o(.ARM.Collect$$libinit$$00000017) for __rt_lib_init_lc_numeric_1
    libinit.o(.ARM.Collect$$libinit$$00000000) refers (Special) to libinit2.o(.ARM.Collect$$libinit$$00000019) for __rt_lib_init_lc_time_1
    libinit.o(.ARM.Collect$$libinit$$00000000) refers (Special) to libinit2.o(.ARM.Collect$$libinit$$00000004) for __rt_lib_init_preinit_1
    libinit.o(.ARM.Collect$$libinit$$00000000) refers (Special) to libinit2.o(.ARM.Collect$$libinit$$0000000E) for __rt_lib_init_rand_1
    libinit.o(.ARM.Collect$$libinit$$00000000) refers (Special) to libinit2.o(.ARM.Collect$$libinit$$00000033) for __rt_lib_init_return
    libinit.o(.ARM.Collect$$libinit$$00000000) refers (Special) to libinit2.o(.ARM.Collect$$libinit$$0000001D) for __rt_lib_init_signal_1
    libinit.o(.ARM.Collect$$libinit$$00000000) refers (Special) to libinit2.o(.ARM.Collect$$libinit$$00000025) for __rt_lib_init_stdio_1
    libinit.o(.ARM.Collect$$libinit$$00000000) refers (Special) to libinit2.o(.ARM.Collect$$libinit$$0000000C) for __rt_lib_init_user_alloc_1
    libinit2.o(.ARM.Collect$$libinit$$00000001) refers to fpinit.o(x$fpl$fpinit) for _fp_init
    libinit2.o(.ARM.Collect$$libinit$$0000000F) refers (Weak) to rt_locale_intlibspace.o(.text) for __rt_locale
    libinit2.o(.ARM.Collect$$libinit$$00000010) refers to libinit2.o(.ARM.Collect$$libinit$$0000000F) for .ARM.Collect$$libinit$$0000000F
    libinit2.o(.ARM.Collect$$libinit$$00000012) refers to libinit2.o(.ARM.Collect$$libinit$$0000000F) for .ARM.Collect$$libinit$$0000000F
    libinit2.o(.ARM.Collect$$libinit$$00000014) refers to libinit2.o(.ARM.Collect$$libinit$$0000000F) for .ARM.Collect$$libinit$$0000000F
    libinit2.o(.ARM.Collect$$libinit$$00000016) refers to libinit2.o(.ARM.Collect$$libinit$$0000000F) for .ARM.Collect$$libinit$$0000000F
    libinit2.o(.ARM.Collect$$libinit$$00000016) refers (Weak) to lc_numeric_c.o(locale$$code) for _get_lc_numeric
    libinit2.o(.ARM.Collect$$libinit$$00000018) refers to libinit2.o(.ARM.Collect$$libinit$$0000000F) for .ARM.Collect$$libinit$$0000000F
    libinit2.o(.ARM.Collect$$libinit$$00000026) refers to argv_veneer.o(.emb_text) for __ARM_argv_veneer
    libinit2.o(.ARM.Collect$$libinit$$00000027) refers to argv_veneer.o(.emb_text) for __ARM_argv_veneer
    rtexit.o(.ARM.Collect$$rtexit$$00000000) refers (Special) to rtexit2.o(.ARM.Collect$$rtexit$$00000004) for __rt_exit_exit
    rtexit.o(.ARM.Collect$$rtexit$$00000000) refers (Special) to rtexit2.o(.ARM.Collect$$rtexit$$00000003) for __rt_exit_ls
    rtexit.o(.ARM.Collect$$rtexit$$00000000) refers (Special) to rtexit2.o(.ARM.Collect$$rtexit$$00000002) for __rt_exit_prels_1
    rtexit.o(.ARM.exidx) refers (Special) to rtexit2.o(.ARM.Collect$$rtexit$$00000004) for __rt_exit_exit
    rtexit.o(.ARM.exidx) refers (Special) to rtexit2.o(.ARM.Collect$$rtexit$$00000003) for __rt_exit_ls
    rtexit.o(.ARM.exidx) refers (Special) to rtexit2.o(.ARM.Collect$$rtexit$$00000002) for __rt_exit_prels_1
    rtexit.o(.ARM.exidx) refers to rtexit.o(.ARM.Collect$$rtexit$$00000000) for .ARM.Collect$$rtexit$$00000000
    aeabi_idiv0_sigfpe.o(.text) refers to rt_div0.o(.text) for __rt_div0
    argv_veneer.o(.emb_text) refers to no_argv.o(.text) for __ARM_get_argv
    rtexit2.o(.ARM.Collect$$rtexit$$00000003) refers to libshutdown.o(.ARM.Collect$$libshutdown$$00000000) for __rt_lib_shutdown
    rtexit2.o(.ARM.Collect$$rtexit$$00000004) refers to sys_exit.o(.text) for _sys_exit
    rtexit2.o(.ARM.exidx) refers to rtexit2.o(.ARM.Collect$$rtexit$$00000001) for .ARM.Collect$$rtexit$$00000001
    rtexit2.o(.ARM.exidx) refers to rtexit2.o(.ARM.Collect$$rtexit$$00000003) for .ARM.Collect$$rtexit$$00000003
    rtexit2.o(.ARM.exidx) refers to rtexit2.o(.ARM.Collect$$rtexit$$00000004) for .ARM.Collect$$rtexit$$00000004
    rt_div0.o(.text) refers to defsig_fpe_outer.o(.text) for __rt_SIGFPE
    _get_argv_nomalloc.o(.text) refers (Special) to hrguard.o(.text) for __heap_region$guard
    _get_argv_nomalloc.o(.text) refers to defsig_rtmem_outer.o(.text) for __rt_SIGRTMEM
    _get_argv_nomalloc.o(.text) refers to sys_command.o(.text) for _sys_command_string
    sys_command.o(.text) refers (Special) to use_no_semi.o(.text) for __I$use$semihosting
    sys_command.o(.text) refers (Special) to indicate_semi.o(.text) for __semihosting_library_function
    sys_exit.o(.text) refers (Special) to use_no_semi.o(.text) for __I$use$semihosting
    sys_exit.o(.text) refers (Special) to indicate_semi.o(.text) for __semihosting_library_function
    defsig_fpe_outer.o(.text) refers to defsig_fpe_inner.o(.text) for __rt_SIGFPE_inner
    defsig_fpe_outer.o(.text) refers to defsig_exit.o(.text) for __sig_exit
    defsig_fpe_formal.o(.text) refers to rt_raise.o(.text) for __rt_raise
    defsig_rtmem_outer.o(.text) refers to defsig_rtmem_inner.o(.text) for __rt_SIGRTMEM_inner
    defsig_rtmem_outer.o(.text) refers to defsig_exit.o(.text) for __sig_exit
    defsig_rtmem_formal.o(.text) refers to rt_raise.o(.text) for __rt_raise
    libshutdown.o(.ARM.Collect$$libshutdown$$00000000) refers (Special) to libshutdown2.o(.ARM.Collect$$libshutdown$$00000002) for __rt_lib_shutdown_cpp_1
    libshutdown.o(.ARM.Collect$$libshutdown$$00000000) refers (Special) to libshutdown2.o(.ARM.Collect$$libshutdown$$00000007) for __rt_lib_shutdown_fp_trap_1
    libshutdown.o(.ARM.Collect$$libshutdown$$00000000) refers (Special) to libshutdown2.o(.ARM.Collect$$libshutdown$$0000000F) for __rt_lib_shutdown_heap_1
    libshutdown.o(.ARM.Collect$$libshutdown$$00000000) refers (Special) to libshutdown2.o(.ARM.Collect$$libshutdown$$00000010) for __rt_lib_shutdown_return
    libshutdown.o(.ARM.Collect$$libshutdown$$00000000) refers (Special) to libshutdown2.o(.ARM.Collect$$libshutdown$$0000000A) for __rt_lib_shutdown_signal_1
    libshutdown.o(.ARM.Collect$$libshutdown$$00000000) refers (Special) to libshutdown2.o(.ARM.Collect$$libshutdown$$00000004) for __rt_lib_shutdown_stdio_1
    libshutdown.o(.ARM.Collect$$libshutdown$$00000000) refers (Special) to libshutdown2.o(.ARM.Collect$$libshutdown$$0000000C) for __rt_lib_shutdown_user_alloc_1
    rt_raise.o(.text) refers to __raise.o(.text) for __raise
    rt_raise.o(.text) refers to sys_exit.o(.text) for _sys_exit
    defsig_exit.o(.text) refers to sys_exit.o(.text) for _sys_exit
    defsig_fpe_inner.o(.text) refers to defsig_general.o(.text) for __default_signal_display
    defsig_rtmem_inner.o(.text) refers to defsig_general.o(.text) for __default_signal_display
    __raise.o(.text) refers to __printf.o(i.__ARM_common_call_via_r2) for __ARM_common_call_via_r2
    __raise.o(.text) refers to defsig.o(CL$$defsig) for __default_signal_handler
    defsig_general.o(.text) refers to sys_wrch.o(.text) for _ttywrch
    sys_wrch.o(.text) refers (Special) to use_no_semi.o(.text) for __I$use$semihosting
    sys_wrch.o(.text) refers (Special) to indicate_semi.o(.text) for __semihosting_library_function
    defsig.o(CL$$defsig) refers to defsig_fpe_inner.o(.text) for __rt_SIGFPE_inner
    defsig.o(CL$$defsig) refers to defsig_rtmem_inner.o(.text) for __rt_SIGRTMEM_inner
    defsig_abrt_inner.o(.text) refers to defsig_general.o(.text) for __default_signal_display
    defsig_rtred_inner.o(.text) refers to defsig_general.o(.text) for __default_signal_display
    defsig_stak_inner.o(.text) refers to defsig_general.o(.text) for __default_signal_display
    defsig_pvfn_inner.o(.text) refers to defsig_general.o(.text) for __default_signal_display
    defsig_cppl_inner.o(.text) refers to defsig_general.o(.text) for __default_signal_display
    defsig_segv_inner.o(.text) refers to defsig_general.o(.text) for __default_signal_display
    defsig_other.o(.text) refers to defsig_general.o(.text) for __default_signal_display


==============================================================================

Removing Unused input sections from the image.

    Removing lib_funcs.o(i.fgetc), (36 bytes).
    Removing lib_funcs.o(i.uartRead), (40 bytes).

2 unused section(s) (total 76 bytes) removed from the image.

==============================================================================

Adding Veneers to the image

    Adding TA veneer (4 bytes, Inline) for call to '_printf_percent' from __printf_flags_wp.o(.text).
    Adding AT veneer (8 bytes, Inline) for call to '__rt_lib_init' from __rtentry2.o(.ARM.Collect$$rtentry$$0000000A).
    Adding AT veneer (8 bytes, Inline) for call to '__rt_lib_shutdown' from rtexit2.o(.ARM.Collect$$rtexit$$00000003).
    Adding TA veneer (4 bytes, Inline) for call to '__rt_exit' from exit.o(.text).
    Adding AT veneer (8 bytes, Inline) for call to '__2printf' from main.o(i.main).
    Adding TA veneer (4 bytes, Inline) for call to '__rt_locale' from libinit2.o(.ARM.Collect$$libinit$$0000000F).
    Adding TA veneer (4 bytes, Inline) for call to '_ll_udiv10' from _printf_fp_dec.o(.text).
    Adding TA veneer (4 bytes, Inline) for call to '__rt_udiv10' from _printf_fp_dec.o(.text).
    Adding TA veneer (4 bytes, Inline) for call to '__aeabi_idivmod' from bigflt0.o(.text).
    Adding AT veneer (8 bytes, Inline) for call to '_sys_exit' from rtexit2.o(.ARM.Collect$$rtexit$$00000004).
    Adding TA veneer (4 bytes, Inline) for call to '_btod_d2e' from _printf_fp_dec.o(.text).
    Adding TA veneer (4 bytes, Inline) for call to '_btod_ediv' from _printf_fp_dec.o(.text).
    Adding TA veneer (4 bytes, Inline) for call to '_btod_emul' from _printf_fp_dec.o(.text).
    Adding AT veneer (12 bytes, Long) for call to '_printf_fp_dec_real' from printf1.o(x$fpl$printf1).
    Adding TA veneer (4 bytes, Inline) for call to '__ARM_fpclassify' from _printf_fp_dec.o(.text).
    Adding TA veneer (4 bytes, Inline) for call to '_get_lc_numeric' from libinit2.o(.ARM.Collect$$libinit$$00000016).
    Adding TA veneer (4 bytes, Inline) for call to '__ieee_status' from _printf_fp_dec.o(.text).

17 Veneer(s) (total 92 bytes) added to the image.

==============================================================================

Image Symbol Table

    Local Symbols

    Symbol Name                              Value     Ov Type        Size  Object(Section)

    RESET                                    0x00000000   Section      272  startup.o(RESET)
    ../clib/angel/boardlib.s                 0x00000000   Number         0  boardshut.o ABSOLUTE
    ../clib/angel/boardlib.s                 0x00000000   Number         0  boardinit2.o ABSOLUTE
    ../clib/angel/boardlib.s                 0x00000000   Number         0  boardinit1.o ABSOLUTE
    ../clib/angel/boardlib.s                 0x00000000   Number         0  boardinit3.o ABSOLUTE
    ../clib/angel/handlers.s                 0x00000000   Number         0  __scatter_copy.o ABSOLUTE
    ../clib/angel/handlers.s                 0x00000000   Number         0  __scatter_zi.o ABSOLUTE
    ../clib/angel/kernel.s                   0x00000000   Number         0  __rtentry.o ABSOLUTE
    ../clib/angel/kernel.s                   0x00000000   Number         0  __rtentry2.o ABSOLUTE
    ../clib/angel/kernel.s                   0x00000000   Number         0  rtexit2.o ABSOLUTE
    ../clib/angel/kernel.s                   0x00000000   Number         0  rtexit.o ABSOLUTE
    ../clib/angel/kernel.s                   0x00000000   Number         0  __rtentry4.o ABSOLUTE
    ../clib/angel/rt.s                       0x00000000   Number         0  rt_locale.o ABSOLUTE
    ../clib/angel/rt.s                       0x00000000   Number         0  rt_div0.o ABSOLUTE
    ../clib/angel/rt.s                       0x00000000   Number         0  rt_raise.o ABSOLUTE
    ../clib/angel/rt.s                       0x00000000   Number         0  rt_locale_intlibspace.o ABSOLUTE
    ../clib/angel/rt.s                       0x00000000   Number         0  aeabi_idiv0_sigfpe.o ABSOLUTE
    ../clib/angel/rt.s                       0x00000000   Number         0  aeabi_idiv0.o ABSOLUTE
    ../clib/angel/scatter.s                  0x00000000   Number         0  __scatter.o ABSOLUTE
    ../clib/angel/startup.s                  0x00000000   Number         0  __main.o ABSOLUTE
    ../clib/angel/sys.s                      0x00000000   Number         0  sys_stackheap_outer.o ABSOLUTE
    ../clib/angel/sys.s                      0x00000000   Number         0  libspace.o ABSOLUTE
    ../clib/angel/sys.s                      0x00000000   Number         0  indicate_semi.o ABSOLUTE
    ../clib/angel/sys.s                      0x00000000   Number         0  use_no_semi.o ABSOLUTE
    ../clib/angel/sysapp.c                   0x00000000   Number         0  sys_exit.o ABSOLUTE
    ../clib/angel/sysapp.c                   0x00000000   Number         0  sys_command.o ABSOLUTE
    ../clib/angel/sysapp.c                   0x00000000   Number         0  sys_wrch.o ABSOLUTE
    ../clib/armsys.c                         0x00000000   Number         0  argv_veneer.o ABSOLUTE
    ../clib/armsys.c                         0x00000000   Number         0  argv_veneer.o ABSOLUTE
    ../clib/armsys.c                         0x00000000   Number         0  _get_argv_nomalloc.o ABSOLUTE
    ../clib/armsys.c                         0x00000000   Number         0  no_argv.o ABSOLUTE
    ../clib/bigflt.c                         0x00000000   Number         0  bigflt0.o ABSOLUTE
    ../clib/btod.s                           0x00000000   Number         0  btod.o ABSOLUTE
    ../clib/division.s                       0x00000000   Number         0  aeabi_sdiv_div0.o ABSOLUTE
    ../clib/division.s                       0x00000000   Number         0  aeabi_sdiv.o ABSOLUTE
    ../clib/division.s                       0x00000000   Number         0  rtudiv10.o ABSOLUTE
    ../clib/divrt.s                          0x00000000   Number         0  divrt_7tdmi.o ABSOLUTE
    ../clib/divrt.s                          0x00000000   Number         0  divrt_7tdmi_div0.o ABSOLUTE
    ../clib/heapalloc.c                      0x00000000   Number         0  hrguard.o ABSOLUTE
    ../clib/heapaux.c                        0x00000000   Number         0  heapauxi.o ABSOLUTE
    ../clib/libinit.s                        0x00000000   Number         0  libinit.o ABSOLUTE
    ../clib/libinit.s                        0x00000000   Number         0  libinit2.o ABSOLUTE
    ../clib/libinit.s                        0x00000000   Number         0  libshutdown.o ABSOLUTE
    ../clib/libinit.s                        0x00000000   Number         0  libshutdown2.o ABSOLUTE
    ../clib/locale.s                         0x00000000   Number         0  lc_numeric_c.o ABSOLUTE
    ../clib/longlong.s                       0x00000000   Number         0  lludiv10.o ABSOLUTE
    ../clib/memcpset.s                       0x00000000   Number         0  strcmp.o ABSOLUTE
    ../clib/misc.s                           0x00000000   Number         0  printf_stubs.o ABSOLUTE
    ../clib/printf.c                         0x00000000   Number         0  __printf_flags.o ABSOLUTE
    ../clib/printf.c                         0x00000000   Number         0  __printf_nopercent.o ABSOLUTE
    ../clib/printf.c                         0x00000000   Number         0  __printf_ss_wp.o ABSOLUTE
    ../clib/printf.c                         0x00000000   Number         0  __printf_flags_ss.o ABSOLUTE
    ../clib/printf.c                         0x00000000   Number         0  __printf_flags_wp.o ABSOLUTE
    ../clib/printf.c                         0x00000000   Number         0  __printf_wp.o ABSOLUTE
    ../clib/printf.c                         0x00000000   Number         0  _printf_fp_dec.o ABSOLUTE
    ../clib/printf.c                         0x00000000   Number         0  __printf_ss.o ABSOLUTE
    ../clib/printf.c                         0x00000000   Number         0  _printf_fp_infnan.o ABSOLUTE
    ../clib/printf.c                         0x00000000   Number         0  _printf_char_common.o ABSOLUTE
    ../clib/printf.c                         0x00000000   Number         0  __2printf.o ABSOLUTE
    ../clib/printf.c                         0x00000000   Number         0  noretval__2printf.o ABSOLUTE
    ../clib/printf.c                         0x00000000   Number         0  __printf_flags_ss_wp.o ABSOLUTE
    ../clib/printf.c                         0x00000000   Number         0  __printf.o ABSOLUTE
    ../clib/printf.c                         0x00000000   Number         0  _printf_char_file.o ABSOLUTE
    ../clib/printf_percent.s                 0x00000000   Number         0  _printf_percent_end.o ABSOLUTE
    ../clib/printf_percent.s                 0x00000000   Number         0  _printf_f.o ABSOLUTE
    ../clib/printf_percent.s                 0x00000000   Number         0  _printf_percent.o ABSOLUTE
    ../clib/signal.c                         0x00000000   Number         0  __raise.o ABSOLUTE
    ../clib/signal.c                         0x00000000   Number         0  defsig_abrt_inner.o ABSOLUTE
    ../clib/signal.c                         0x00000000   Number         0  defsig_rtred_inner.o ABSOLUTE
    ../clib/signal.c                         0x00000000   Number         0  defsig_stak_inner.o ABSOLUTE
    ../clib/signal.c                         0x00000000   Number         0  defsig_pvfn_inner.o ABSOLUTE
    ../clib/signal.c                         0x00000000   Number         0  defsig_cppl_inner.o ABSOLUTE
    ../clib/signal.c                         0x00000000   Number         0  defsig_segv_inner.o ABSOLUTE
    ../clib/signal.c                         0x00000000   Number         0  defsig_exit.o ABSOLUTE
    ../clib/signal.c                         0x00000000   Number         0  defsig_rtmem_formal.o ABSOLUTE
    ../clib/signal.c                         0x00000000   Number         0  defsig_rtmem_outer.o ABSOLUTE
    ../clib/signal.c                         0x00000000   Number         0  defsig_fpe_formal.o ABSOLUTE
    ../clib/signal.c                         0x00000000   Number         0  defsig_fpe_outer.o ABSOLUTE
    ../clib/signal.c                         0x00000000   Number         0  defsig_fpe_inner.o ABSOLUTE
    ../clib/signal.c                         0x00000000   Number         0  defsig_rtmem_inner.o ABSOLUTE
    ../clib/signal.c                         0x00000000   Number         0  defsig_other.o ABSOLUTE
    ../clib/signal.c                         0x00000000   Number         0  defsig_general.o ABSOLUTE
    ../clib/signal.s                         0x00000000   Number         0  defsig.o ABSOLUTE
    ../clib/stdio.c                          0x00000000   Number         0  ferror.o ABSOLUTE
    ../clib/stdio.c                          0x00000000   Number         0  ferror_locked.o ABSOLUTE
    ../clib/stdlib.c                         0x00000000   Number         0  exit.o ABSOLUTE
    ../fplib/d2f.s                           0x00000000   Number         0  d2f.o ABSOLUTE
    ../fplib/ddiv.s                          0x00000000   Number         0  ddiv.o ABSOLUTE
    ../fplib/dflt.s                          0x00000000   Number         0  dflt_noclz.o ABSOLUTE
    ../fplib/dmul.s                          0x00000000   Number         0  dmul.o ABSOLUTE
    ../fplib/dnaninf.s                       0x00000000   Number         0  dnaninf.o ABSOLUTE
    ../fplib/dretinf.s                       0x00000000   Number         0  dretinf.o ABSOLUTE
    ../fplib/f2d.s                           0x00000000   Number         0  f2d.o ABSOLUTE
    ../fplib/fnaninf.s                       0x00000000   Number         0  fnaninf.o ABSOLUTE
    ../fplib/fpinit.s                        0x00000000   Number         0  fpinit.o ABSOLUTE
    ../fplib/fretinf.s                       0x00000000   Number         0  fretinf.o ABSOLUTE
    ../fplib/istatus.s                       0x00000000   Number         0  istatus.o ABSOLUTE
    ../fplib/printf1.s                       0x00000000   Number         0  printf1.o ABSOLUTE
    ../fplib/usenofp.s                       0x00000000   Number         0  usenofp.o ABSOLUTE
    ../mathlib/fpclassify.c                  0x00000000   Number         0  fpclassify.o ABSOLUTE
    Startup.s                                0x00000000   Number         0  startup.o ABSOLUTE
    dc.s                                     0x00000000   Number         0  dc.o ABSOLUTE
    lib_funcs.c                              0x00000000   Number         0  lib_funcs.o ABSOLUTE
    main.c                                   0x00000000   Number         0  main.o ABSOLUTE
    Undef_Handler                            0x00000040   ARM Code       4  startup.o(RESET)
    SWI_Handler                              0x00000044   ARM Code       4  startup.o(RESET)
    PAbt_Handler                             0x00000048   ARM Code       4  startup.o(RESET)
    DAbt_Handler                             0x0000004c   ARM Code       4  startup.o(RESET)
    IRQ_Handler                              0x00000050   ARM Code       4  startup.o(RESET)
    FIQ_Handler                              0x00000054   ARM Code       4  startup.o(RESET)
    !!!main                                  0x00000110   Section        8  __main.o(!!!main)
    !!!scatter                               0x00000118   Section       60  __scatter.o(!!!scatter)
    !!handler_copy                           0x00000154   Section       40  __scatter_copy.o(!!handler_copy)
    !!handler_zi                             0x0000017c   Section       44  __scatter_zi.o(!!handler_zi)
    .ARM.Collect$$_printf_percent$$00000000  0x000001ac   Section        0  _printf_percent.o(.ARM.Collect$$_printf_percent$$00000000)
    .ARM.Collect$$_printf_percent$$00000003  0x000001ac   Section        8  _printf_f.o(.ARM.Collect$$_printf_percent$$00000003)
    .ARM.Collect$$_printf_percent$$00000017  0x000001b4   Section        8  _printf_percent_end.o(.ARM.Collect$$_printf_percent$$00000017)
    .ARM.Collect$$libinit$$00000000          0x000001c4   Section        2  libinit.o(.ARM.Collect$$libinit$$00000000)
    .ARM.Collect$$libinit$$00000002          0x000001c6   Section        0  libinit2.o(.ARM.Collect$$libinit$$00000002)
    .ARM.Collect$$libinit$$00000004          0x000001c6   Section        0  libinit2.o(.ARM.Collect$$libinit$$00000004)
    .ARM.Collect$$libinit$$0000000A          0x000001c6   Section        0  libinit2.o(.ARM.Collect$$libinit$$0000000A)
    .ARM.Collect$$libinit$$0000000C          0x000001c6   Section        0  libinit2.o(.ARM.Collect$$libinit$$0000000C)
    .ARM.Collect$$libinit$$0000000E          0x000001c6   Section        0  libinit2.o(.ARM.Collect$$libinit$$0000000E)
    .ARM.Collect$$libinit$$0000000F          0x000001c6   Section        6  libinit2.o(.ARM.Collect$$libinit$$0000000F)
    .ARM.Collect$$libinit$$00000011          0x000001cc   Section        0  libinit2.o(.ARM.Collect$$libinit$$00000011)
    .ARM.Collect$$libinit$$00000013          0x000001cc   Section        0  libinit2.o(.ARM.Collect$$libinit$$00000013)
    .ARM.Collect$$libinit$$00000015          0x000001cc   Section        0  libinit2.o(.ARM.Collect$$libinit$$00000015)
    .ARM.Collect$$libinit$$00000016          0x000001cc   Section       10  libinit2.o(.ARM.Collect$$libinit$$00000016)
    .ARM.Collect$$libinit$$00000017          0x000001d6   Section        0  libinit2.o(.ARM.Collect$$libinit$$00000017)
    .ARM.Collect$$libinit$$00000019          0x000001d6   Section        0  libinit2.o(.ARM.Collect$$libinit$$00000019)
    .ARM.Collect$$libinit$$0000001B          0x000001d6   Section        0  libinit2.o(.ARM.Collect$$libinit$$0000001B)
    .ARM.Collect$$libinit$$0000001D          0x000001d6   Section        0  libinit2.o(.ARM.Collect$$libinit$$0000001D)
    .ARM.Collect$$libinit$$0000001F          0x000001d6   Section        0  libinit2.o(.ARM.Collect$$libinit$$0000001F)
    .ARM.Collect$$libinit$$00000021          0x000001d6   Section        0  libinit2.o(.ARM.Collect$$libinit$$00000021)
    .ARM.Collect$$libinit$$00000023          0x000001d6   Section        0  libinit2.o(.ARM.Collect$$libinit$$00000023)
    .ARM.Collect$$libinit$$00000025          0x000001d6   Section        0  libinit2.o(.ARM.Collect$$libinit$$00000025)
    .ARM.Collect$$libinit$$0000002C          0x000001d6   Section        0  libinit2.o(.ARM.Collect$$libinit$$0000002C)
    .ARM.Collect$$libinit$$0000002E          0x000001d6   Section        0  libinit2.o(.ARM.Collect$$libinit$$0000002E)
    .ARM.Collect$$libinit$$00000030          0x000001d6   Section        0  libinit2.o(.ARM.Collect$$libinit$$00000030)
    .ARM.Collect$$libinit$$00000032          0x000001d6   Section        0  libinit2.o(.ARM.Collect$$libinit$$00000032)
    .ARM.Collect$$libinit$$00000033          0x000001d6   Section       12  libinit2.o(.ARM.Collect$$libinit$$00000033)
    .ARM.Collect$$libshutdown$$00000000      0x000001ec   Section        4  libshutdown.o(.ARM.Collect$$libshutdown$$00000000)
    .ARM.Collect$$libshutdown$$00000002      0x000001f0   Section        0  libshutdown2.o(.ARM.Collect$$libshutdown$$00000002)
    .ARM.Collect$$libshutdown$$00000004      0x000001f0   Section        0  libshutdown2.o(.ARM.Collect$$libshutdown$$00000004)
    .ARM.Collect$$libshutdown$$00000007      0x000001f0   Section        0  libshutdown2.o(.ARM.Collect$$libshutdown$$00000007)
    .ARM.Collect$$libshutdown$$0000000A      0x000001f0   Section        0  libshutdown2.o(.ARM.Collect$$libshutdown$$0000000A)
    .ARM.Collect$$libshutdown$$0000000C      0x000001f0   Section        0  libshutdown2.o(.ARM.Collect$$libshutdown$$0000000C)
    .ARM.Collect$$libshutdown$$0000000F      0x000001f0   Section        0  libshutdown2.o(.ARM.Collect$$libshutdown$$0000000F)
    .ARM.Collect$$libshutdown$$00000010      0x000001f0   Section        6  libshutdown2.o(.ARM.Collect$$libshutdown$$00000010)
    .ARM.Collect$$rtentry$$00000000          0x000001f8   Section        0  __rtentry.o(.ARM.Collect$$rtentry$$00000000)
    .ARM.Collect$$rtentry$$00000002          0x000001f8   Section        0  __rtentry2.o(.ARM.Collect$$rtentry$$00000002)
    .ARM.Collect$$rtentry$$00000004          0x000001f8   Section        8  __rtentry4.o(.ARM.Collect$$rtentry$$00000004)
    .ARM.Collect$$rtentry$$00000009          0x00000200   Section        0  __rtentry2.o(.ARM.Collect$$rtentry$$00000009)
    .ARM.Collect$$rtentry$$0000000A          0x00000200   Section        4  __rtentry2.o(.ARM.Collect$$rtentry$$0000000A)
    .ARM.Collect$$rtentry$$0000000C          0x00000204   Section        0  __rtentry2.o(.ARM.Collect$$rtentry$$0000000C)
    .ARM.Collect$$rtentry$$0000000D          0x00000204   Section       40  __rtentry2.o(.ARM.Collect$$rtentry$$0000000D)
    .ARM.Collect$$rtexit$$00000000           0x00000230   Section        4  rtexit.o(.ARM.Collect$$rtexit$$00000000)
    .ARM.Collect$$rtexit$$00000002           0x00000234   Section        0  rtexit2.o(.ARM.Collect$$rtexit$$00000002)
    .ARM.Collect$$rtexit$$00000003           0x00000234   Section        4  rtexit2.o(.ARM.Collect$$rtexit$$00000003)
    .ARM.Collect$$rtexit$$00000004           0x00000238   Section        8  rtexit2.o(.ARM.Collect$$rtexit$$00000004)
    .text                                    0x00000240   Section       32  startup.o(.text)
    .text                                    0x00000268   Section        0  noretval__2printf.o(.text)
    .text                                    0x00000284   Section        0  __printf_flags_wp.o(.text)
    .text                                    0x000003cc   Section        0  heapauxi.o(.text)
    .text                                    0x000003d4   Section        0  _printf_fp_dec.o(.text)
    _fp_digits                               0x000003d7   Thumb Code   410  _printf_fp_dec.o(.text)
    .text                                    0x000007f0   Section        0  _printf_char_file.o(.text)
    .text                                    0x00000820   Section       12  rt_locale_intlibspace.o(.text)
    .text                                    0x00000830   Section      160  lludiv10.o(.text)
    .text                                    0x000008d0   Section        0  _printf_char_common.o(.text)
    _printf_input_char                       0x000008d1   Thumb Code    10  _printf_char_common.o(.text)
    .text                                    0x00000900   Section        0  _printf_fp_infnan.o(.text)
    .text                                    0x00000990   Section        0  bigflt0.o(.text)
    .text                                    0x00000a64   Section        0  ferror.o(.text)
    .text                                    0x00000a70   Section       44  rtudiv10.o(.text)
    .text                                    0x00000a9c   Section       12  libspace.o(.text)
    .text                                    0x00000aa8   Section       96  sys_stackheap_outer.o(.text)
    .text                                    0x00000b08   Section        0  exit.o(.text)
    .text                                    0x00000b1c   Section      244  strcmp.o(.text)
    .text                                    0x00000c14   Section      384  aeabi_sdiv.o(.text)
    __arm_div8                               0x00000c40   ARM Code       0  aeabi_sdiv.o(.text)
    __arm_div5                               0x00000c64   ARM Code       0  aeabi_sdiv.o(.text)
    __arm_div2                               0x00000c88   ARM Code       0  aeabi_sdiv.o(.text)
    __arm_div_large                          0x00000cc4   ARM Code       0  aeabi_sdiv.o(.text)
    .text                                    0x00000d9c   Section        0  sys_exit.o(.text)
    .text                                    0x00000da8   Section        4  use_no_semi.o(.text)
    .text                                    0x00000dac   Section        0  indicate_semi.o(.text)
    CL$$btod_d2e                             0x00000db0   Section       56  btod.o(CL$$btod_d2e)
    CL$$btod_d2e_denorm_low                  0x00000de8   Section       84  btod.o(CL$$btod_d2e_denorm_low)
    CL$$btod_d2e_norm_op1                    0x00000e3c   Section      104  btod.o(CL$$btod_d2e_norm_op1)
    CL$$btod_div_common                      0x00000ea4   Section      844  btod.o(CL$$btod_div_common)
    CL$$btod_e2e                             0x000011f0   Section      220  btod.o(CL$$btod_e2e)
    CL$$btod_ediv                            0x000012d0   Section       52  btod.o(CL$$btod_ediv)
    CL$$btod_emul                            0x00001308   Section       52  btod.o(CL$$btod_emul)
    CL$$btod_mult_common                     0x0000133c   Section      616  btod.o(CL$$btod_mult_common)
    i.__ARM_common_call_via_r1               0x000015b0   Section        0  __printf.o(i.__ARM_common_call_via_r1)
    i.__ARM_common_call_via_r2               0x000015b2   Section        0  __printf.o(i.__ARM_common_call_via_r2)
    i.__ARM_fpclassify                       0x000015b8   Section        0  fpclassify.o(i.__ARM_fpclassify)
    i._is_digit                              0x000015e8   Section        0  __printf_wp.o(i._is_digit)
    i.connectPLL0                            0x000015f8   Section        0  lib_funcs.o(i.connectPLL0)
    i.delayMS                                0x00001624   Section        0  lib_funcs.o(i.delayMS)
    i.delayUS                                0x00001640   Section        0  lib_funcs.o(i.delayUS)
    i.feedSeq                                0x0000167c   Section        0  lib_funcs.o(i.feedSeq)
    i.fputc                                  0x00001698   Section        0  lib_funcs.o(i.fputc)
    i.initClocks                             0x000016b8   Section        0  lib_funcs.o(i.initClocks)
    i.initTimer0                             0x000016e4   Section        0  lib_funcs.o(i.initTimer0)
    i.initUART0                              0x00001708   Section        0  lib_funcs.o(i.initUART0)
    i.main                                   0x00001750   Section        0  main.o(i.main)
    i.setupPLL0                              0x000018c8   Section        0  lib_funcs.o(i.setupPLL0)
    i.startTimer0                            0x000018e4   Section        0  lib_funcs.o(i.startTimer0)
    i.stopTimer0                             0x00001900   Section        0  lib_funcs.o(i.stopTimer0)
    i.uartWrite                              0x0000191c   Section        0  lib_funcs.o(i.uartWrite)
    locale$$code                             0x00001984   Section       80  lc_numeric_c.o(locale$$code)
    x$fpl$d2f                                0x000019d4   Section      108  d2f.o(x$fpl$d2f)
    x$fpl$ddiv                               0x00001a40   Section      736  ddiv.o(x$fpl$ddiv)
    ddiv_entry                               0x00001a48   ARM Code       0  ddiv.o(x$fpl$ddiv)
    x$fpl$dflt                               0x00001d20   Section       88  dflt_noclz.o(x$fpl$dflt)
    x$fpl$dmul                               0x00001d78   Section      384  dmul.o(x$fpl$dmul)
    x$fpl$dnaninf                            0x00001ef8   Section      192  dnaninf.o(x$fpl$dnaninf)
    x$fpl$dretinf                            0x00001fb8   Section       16  dretinf.o(x$fpl$dretinf)
    x$fpl$f2d                                0x00001fc8   Section      100  f2d.o(x$fpl$f2d)
    x$fpl$fnaninf                            0x0000202c   Section      168  fnaninf.o(x$fpl$fnaninf)
    x$fpl$fretinf                            0x000020d4   Section       16  fretinf.o(x$fpl$fretinf)
    x$fpl$ieeestatus                         0x000020e8   Section        8  istatus.o(x$fpl$ieeestatus)
    x$fpl$printf1                            0x000020f0   Section        4  printf1.o(x$fpl$printf1)
    .constdata                               0x000020f4   Section       17  __printf_flags_wp.o(.constdata)
    x$fpl$usenofp                            0x000020f4   Section        0  usenofp.o(x$fpl$usenofp)
    maptable                                 0x000020f4   Data          17  __printf_flags_wp.o(.constdata)
    .constdata                               0x00002108   Section      148  bigflt0.o(.constdata)
    tenpwrs_x                                0x00002108   Data          60  bigflt0.o(.constdata)
    tenpwrs_i                                0x00002144   Data          64  bigflt0.o(.constdata)
    locale$$data                             0x000021bc   Section       28  lc_numeric_c.o(locale$$data)
    __lcnum_c_name                           0x000021c0   Data           2  lc_numeric_c.o(locale$$data)
    __lcnum_c_start                          0x000021c8   Data           0  lc_numeric_c.o(locale$$data)
    __lcnum_c_point                          0x000021d4   Data           0  lc_numeric_c.o(locale$$data)
    __lcnum_c_thousands                      0x000021d6   Data           0  lc_numeric_c.o(locale$$data)
    __lcnum_c_grouping                       0x000021d7   Data           0  lc_numeric_c.o(locale$$data)
    __lcnum_c_end                            0x000021d8   Data           0  lc_numeric_c.o(locale$$data)
    .data                                    0x40000000   Section        8  lib_funcs.o(.data)
    .bss                                     0x40000008   Section       96  libspace.o(.bss)
    HEAP                                     0x40000068   Section        0  startup.o(HEAP)
    STACK                                    0x40000068   Section     1160  startup.o(STACK)
    Heap_Mem                                 0x40000068   Data           0  startup.o(HEAP)
    Stack_Mem                                0x40000068   Data        1024  startup.o(STACK)
    Stack_Top                                0x400004f0   Data           0  startup.o(STACK)

    Global Symbols

    Symbol Name                              Value     Ov Type        Size  Object(Section)

    BuildAttributes$$THM_ISAv1$ARM_ISAv4$S$PE$A:L22$X:L11$S22$IEEE1$IW$USESV6$~STKCKD$USESV7$~SHL$OTIME$ROPI$IEEEJ$EBA8$UX$STANDARDLIB$REQ8$PRES8$EABIv2 0x00000000   Number         0  anon$$obj.o ABSOLUTE
    __ARM_use_no_argv                        0x00000000   Number         0  main.o ABSOLUTE
    _printf_flags                            0x00000000   Number         0  printf_stubs.o ABSOLUTE
    _printf_return_value                     0x00000000   Number         0  printf_stubs.o ABSOLUTE
    _printf_sizespec                         0x00000000   Number         0  printf_stubs.o ABSOLUTE
    _printf_widthprec                        0x00000000   Number         0  printf_stubs.o ABSOLUTE
    __ARM_exceptions_init                     - Undefined Weak Reference
    __alloca_initialize                       - Undefined Weak Reference
    __arm_preinit_                            - Undefined Weak Reference
    __cpp_initialize__aeabi_                  - Undefined Weak Reference
    __cxa_finalize                            - Undefined Weak Reference
    __sigvec_lookup                           - Undefined Weak Reference
    _atexit_init                              - Undefined Weak Reference
    _call_atexit_fns                          - Undefined Weak Reference
    _clock_init                               - Undefined Weak Reference
    _fp_trap_init                             - Undefined Weak Reference
    _fp_trap_shutdown                         - Undefined Weak Reference
    _get_lc_collate                           - Undefined Weak Reference
    _get_lc_ctype                             - Undefined Weak Reference
    _get_lc_monetary                          - Undefined Weak Reference
    _get_lc_time                              - Undefined Weak Reference
    _getenv_init                              - Undefined Weak Reference
    _handle_redirection                       - Undefined Weak Reference
    _init_alloc                               - Undefined Weak Reference
    _init_user_alloc                          - Undefined Weak Reference
    _initio                                   - Undefined Weak Reference
    _mutex_acquire                            - Undefined Weak Reference
    _mutex_release                            - Undefined Weak Reference
    _printf_post_padding                      - Undefined Weak Reference
    _printf_pre_padding                       - Undefined Weak Reference
    _rand_init                                - Undefined Weak Reference
    _signal_finish                            - Undefined Weak Reference
    _signal_init                              - Undefined Weak Reference
    _terminate_alloc                          - Undefined Weak Reference
    _terminate_user_alloc                     - Undefined Weak Reference
    _terminateio                              - Undefined Weak Reference
    Reset_Handler                            0x00000058   ARM Code       0  startup.o(RESET)
    __main                                   0x00000110   ARM Code       8  __main.o(!!!main)
    __scatterload                            0x00000118   ARM Code       0  __scatter.o(!!!scatter)
    __scatterload_rt2                        0x00000118   ARM Code      52  __scatter.o(!!!scatter)
    __scatterload_null                       0x0000012c   ARM Code       0  __scatter.o(!!!scatter)
    __scatterload_copy                       0x00000154   ARM Code      40  __scatter_copy.o(!!handler_copy)
    __scatterload_zeroinit                   0x0000017c   ARM Code      44  __scatter_zi.o(!!handler_zi)
    Inline Thumb to ARM Veneer to _printf_percent 0x000001a9   Thumb Code     4  _printf_percent.o(.ARM.Collect$$_printf_percent$$00000000)
    _printf_f                                0x000001ac   ARM Code       0  _printf_f.o(.ARM.Collect$$_printf_percent$$00000003)
    _printf_percent                          0x000001ac   ARM Code       0  _printf_percent.o(.ARM.Collect$$_printf_percent$$00000000)
    _printf_percent_end                      0x000001b4   ARM Code       0  _printf_percent_end.o(.ARM.Collect$$_printf_percent$$00000017)
    Inline ARM to Thumb Veneer to __rt_lib_init 0x000001bc   ARM Code       8  libinit.o(.ARM.Collect$$libinit$$00000000)
    __rt_lib_init                            0x000001c5   Thumb Code     0  libinit.o(.ARM.Collect$$libinit$$00000000)
    __rt_lib_init_fp_1                       0x000001c7   Thumb Code     0  libinit2.o(.ARM.Collect$$libinit$$00000002)
    __rt_lib_init_heap_1                     0x000001c7   Thumb Code     0  libinit2.o(.ARM.Collect$$libinit$$0000000A)
    __rt_lib_init_lc_common                  0x000001c7   Thumb Code     0  libinit2.o(.ARM.Collect$$libinit$$0000000F)
    __rt_lib_init_preinit_1                  0x000001c7   Thumb Code     0  libinit2.o(.ARM.Collect$$libinit$$00000004)
    __rt_lib_init_rand_1                     0x000001c7   Thumb Code     0  libinit2.o(.ARM.Collect$$libinit$$0000000E)
    __rt_lib_init_user_alloc_1               0x000001c7   Thumb Code     0  libinit2.o(.ARM.Collect$$libinit$$0000000C)
    __rt_lib_init_lc_collate_1               0x000001cd   Thumb Code     0  libinit2.o(.ARM.Collect$$libinit$$00000011)
    __rt_lib_init_lc_ctype_1                 0x000001cd   Thumb Code     0  libinit2.o(.ARM.Collect$$libinit$$00000013)
    __rt_lib_init_lc_monetary_1              0x000001cd   Thumb Code     0  libinit2.o(.ARM.Collect$$libinit$$00000015)
    __rt_lib_init_lc_numeric_2               0x000001cd   Thumb Code     0  libinit2.o(.ARM.Collect$$libinit$$00000016)
    __rt_lib_init_alloca_1                   0x000001d7   Thumb Code     0  libinit2.o(.ARM.Collect$$libinit$$0000002E)
    __rt_lib_init_argv_1                     0x000001d7   Thumb Code     0  libinit2.o(.ARM.Collect$$libinit$$0000002C)
    __rt_lib_init_atexit_1                   0x000001d7   Thumb Code     0  libinit2.o(.ARM.Collect$$libinit$$0000001B)
    __rt_lib_init_clock_1                    0x000001d7   Thumb Code     0  libinit2.o(.ARM.Collect$$libinit$$00000021)
    __rt_lib_init_cpp_1                      0x000001d7   Thumb Code     0  libinit2.o(.ARM.Collect$$libinit$$00000032)
    __rt_lib_init_exceptions_1               0x000001d7   Thumb Code     0  libinit2.o(.ARM.Collect$$libinit$$00000030)
    __rt_lib_init_fp_trap_1                  0x000001d7   Thumb Code     0  libinit2.o(.ARM.Collect$$libinit$$0000001F)
    __rt_lib_init_getenv_1                   0x000001d7   Thumb Code     0  libinit2.o(.ARM.Collect$$libinit$$00000023)
    __rt_lib_init_lc_numeric_1               0x000001d7   Thumb Code     0  libinit2.o(.ARM.Collect$$libinit$$00000017)
    __rt_lib_init_lc_time_1                  0x000001d7   Thumb Code     0  libinit2.o(.ARM.Collect$$libinit$$00000019)
    __rt_lib_init_return                     0x000001d7   Thumb Code     0  libinit2.o(.ARM.Collect$$libinit$$00000033)
    __rt_lib_init_signal_1                   0x000001d7   Thumb Code     0  libinit2.o(.ARM.Collect$$libinit$$0000001D)
    __rt_lib_init_stdio_1                    0x000001d7   Thumb Code     0  libinit2.o(.ARM.Collect$$libinit$$00000025)
    Inline ARM to Thumb Veneer to __rt_lib_shutdown 0x000001e4   ARM Code       8  libshutdown.o(.ARM.Collect$$libshutdown$$00000000)
    __rt_lib_shutdown                        0x000001ed   Thumb Code     0  libshutdown.o(.ARM.Collect$$libshutdown$$00000000)
    __rt_lib_shutdown_cpp_1                  0x000001f1   Thumb Code     0  libshutdown2.o(.ARM.Collect$$libshutdown$$00000002)
    __rt_lib_shutdown_fp_trap_1              0x000001f1   Thumb Code     0  libshutdown2.o(.ARM.Collect$$libshutdown$$00000007)
    __rt_lib_shutdown_heap_1                 0x000001f1   Thumb Code     0  libshutdown2.o(.ARM.Collect$$libshutdown$$0000000F)
    __rt_lib_shutdown_return                 0x000001f1   Thumb Code     0  libshutdown2.o(.ARM.Collect$$libshutdown$$00000010)
    __rt_lib_shutdown_signal_1               0x000001f1   Thumb Code     0  libshutdown2.o(.ARM.Collect$$libshutdown$$0000000A)
    __rt_lib_shutdown_stdio_1                0x000001f1   Thumb Code     0  libshutdown2.o(.ARM.Collect$$libshutdown$$00000004)
    __rt_lib_shutdown_user_alloc_1           0x000001f1   Thumb Code     0  libshutdown2.o(.ARM.Collect$$libshutdown$$0000000C)
    __rt_entry                               0x000001f8   ARM Code       0  __rtentry.o(.ARM.Collect$$rtentry$$00000000)
    __rt_entry_presh_1                       0x000001f8   ARM Code       0  __rtentry2.o(.ARM.Collect$$rtentry$$00000002)
    __rt_entry_sh                            0x000001f8   ARM Code       0  __rtentry4.o(.ARM.Collect$$rtentry$$00000004)
    __rt_entry_li                            0x00000200   ARM Code       0  __rtentry2.o(.ARM.Collect$$rtentry$$0000000A)
    __rt_entry_postsh_1                      0x00000200   ARM Code       0  __rtentry2.o(.ARM.Collect$$rtentry$$00000009)
    __rt_entry_main                          0x00000204   ARM Code       0  __rtentry2.o(.ARM.Collect$$rtentry$$0000000D)
    __rt_entry_postli_1                      0x00000204   ARM Code       0  __rtentry2.o(.ARM.Collect$$rtentry$$0000000C)
    Inline Thumb to ARM Veneer to __rt_exit  0x0000022d   Thumb Code     4  rtexit.o(.ARM.Collect$$rtexit$$00000000)
    __rt_exit                                0x00000230   ARM Code       0  rtexit.o(.ARM.Collect$$rtexit$$00000000)
    __rt_exit_ls                             0x00000234   ARM Code       0  rtexit2.o(.ARM.Collect$$rtexit$$00000003)
    __rt_exit_prels_1                        0x00000234   ARM Code       0  rtexit2.o(.ARM.Collect$$rtexit$$00000002)
    __rt_exit_exit                           0x00000238   ARM Code       0  rtexit2.o(.ARM.Collect$$rtexit$$00000004)
    __user_initial_stackheap                 0x00000240   ARM Code       0  startup.o(.text)
    Inline ARM to Thumb Veneer to __2printf  0x00000260   ARM Code       8  noretval__2printf.o(.text)
    __2printf                                0x00000269   Thumb Code    22  noretval__2printf.o(.text)
    __printf                                 0x00000285   Thumb Code   322  __printf_flags_wp.o(.text)
    __use_two_region_memory                  0x000003cd   Thumb Code     2  heapauxi.o(.text)
    __rt_heap_escrow$2region                 0x000003cf   Thumb Code     2  heapauxi.o(.text)
    __rt_heap_expand$2region                 0x000003d1   Thumb Code     2  heapauxi.o(.text)
    __lib_sel_fp_printf                      0x000003d5   Thumb Code     2  _printf_fp_dec.o(.text)
    _printf_fp_dec_real                      0x00000571   Thumb Code   628  _printf_fp_dec.o(.text)
    _printf_char_file                        0x000007f1   Thumb Code    38  _printf_char_file.o(.text)
    Inline Thumb to ARM Veneer to __rt_locale 0x0000081d   Thumb Code     4  rt_locale_intlibspace.o(.text)
    __rt_locale                              0x00000820   ARM Code      12  rt_locale_intlibspace.o(.text)
    Inline Thumb to ARM Veneer to _ll_udiv10 0x0000082d   Thumb Code     4  lludiv10.o(.text)
    _ll_udiv10                               0x00000830   ARM Code     160  lludiv10.o(.text)
    _printf_char_common                      0x000008db   Thumb Code    34  _printf_char_common.o(.text)
    _printf_fp_infnan                        0x00000901   Thumb Code   128  _printf_fp_infnan.o(.text)
    _btod_etento                             0x00000991   Thumb Code   206  bigflt0.o(.text)
    ferror                                   0x00000a65   Thumb Code     8  ferror.o(.text)
    Inline Thumb to ARM Veneer to __rt_udiv10 0x00000a6d   Thumb Code     4  rtudiv10.o(.text)
    __rt_udiv10                              0x00000a70   ARM Code      44  rtudiv10.o(.text)
    __user_libspace                          0x00000a9c   ARM Code      12  libspace.o(.text)
    __user_perproc_libspace                  0x00000a9c   ARM Code       0  libspace.o(.text)
    __user_perthread_libspace                0x00000a9c   ARM Code       0  libspace.o(.text)
    __user_setup_stackheap                   0x00000aa8   ARM Code      96  sys_stackheap_outer.o(.text)
    exit                                     0x00000b09   Thumb Code    20  exit.o(.text)
    strcmp                                   0x00000b1c   ARM Code     240  strcmp.o(.text)
    Inline Thumb to ARM Veneer to __aeabi_idivmod 0x00000c11   Thumb Code     4  aeabi_sdiv.o(.text)
    __aeabi_idiv                             0x00000c14   ARM Code       0  aeabi_sdiv.o(.text)
    __aeabi_idivmod                          0x00000c14   ARM Code     384  aeabi_sdiv.o(.text)
    Inline ARM to Thumb Veneer to _sys_exit  0x00000d94   ARM Code       8  sys_exit.o(.text)
    _sys_exit                                0x00000d9d   Thumb Code     8  sys_exit.o(.text)
    __I$use$semihosting                      0x00000da8   ARM Code       0  use_no_semi.o(.text)
    __use_no_semihosting_swi                 0x00000da8   ARM Code       4  use_no_semi.o(.text)
    Inline Thumb to ARM Veneer to _btod_d2e  0x00000dad   Thumb Code     4  btod.o(CL$$btod_d2e)
    __semihosting_library_function           0x00000dac   ARM Code       0  indicate_semi.o(.text)
    _btod_d2e                                0x00000db0   ARM Code      56  btod.o(CL$$btod_d2e)
    _d2e_denorm_low                          0x00000de8   ARM Code      84  btod.o(CL$$btod_d2e_denorm_low)
    _d2e_norm_op1                            0x00000e3c   ARM Code     104  btod.o(CL$$btod_d2e_norm_op1)
    __btod_div_common                        0x00000ea4   ARM Code     716  btod.o(CL$$btod_div_common)
    _e2e                                     0x000011f0   ARM Code     220  btod.o(CL$$btod_e2e)
    Inline Thumb to ARM Veneer to _btod_ediv 0x000012cd   Thumb Code     4  btod.o(CL$$btod_ediv)
    _btod_ediv                               0x000012d0   ARM Code      52  btod.o(CL$$btod_ediv)
    Inline Thumb to ARM Veneer to _btod_emul 0x00001305   Thumb Code     4  btod.o(CL$$btod_emul)
    _btod_emul                               0x00001308   ARM Code      52  btod.o(CL$$btod_emul)
    __btod_mult_common                       0x0000133c   ARM Code     616  btod.o(CL$$btod_mult_common)
    Long ARM to Thumb Veneer to _printf_fp_dec_real 0x000015a4   ARM Code      12  anon$$obj.o(Veneer$$Code)
    __ARM_common_call_via_r1                 0x000015b1   Thumb Code     2  __printf.o(i.__ARM_common_call_via_r1)
    __ARM_common_call_via_r2                 0x000015b3   Thumb Code     2  __printf.o(i.__ARM_common_call_via_r2)
    Inline Thumb to ARM Veneer to __ARM_fpclassify 0x000015b5   Thumb Code     4  fpclassify.o(i.__ARM_fpclassify)
    __ARM_fpclassify                         0x000015b8   ARM Code      48  fpclassify.o(i.__ARM_fpclassify)
    _is_digit                                0x000015e9   Thumb Code    14  __printf_wp.o(i._is_digit)
    connectPLL0                              0x000015f8   ARM Code      40  lib_funcs.o(i.connectPLL0)
    delayMS                                  0x00001624   ARM Code      28  lib_funcs.o(i.delayMS)
    delayUS                                  0x00001640   ARM Code      56  lib_funcs.o(i.delayUS)
    feedSeq                                  0x0000167c   ARM Code      24  lib_funcs.o(i.feedSeq)
    fputc                                    0x00001698   ARM Code      32  lib_funcs.o(i.fputc)
    initClocks                               0x000016b8   ARM Code      40  lib_funcs.o(i.initClocks)
    initTimer0                               0x000016e4   ARM Code      32  lib_funcs.o(i.initTimer0)
    initUART0                                0x00001708   ARM Code      68  lib_funcs.o(i.initUART0)
    main                                     0x00001750   ARM Code     284  main.o(i.main)
    setupPLL0                                0x000018c8   ARM Code      24  lib_funcs.o(i.setupPLL0)
    startTimer0                              0x000018e4   ARM Code      24  lib_funcs.o(i.startTimer0)
    stopTimer0                               0x00001900   ARM Code      24  lib_funcs.o(i.stopTimer0)
    uartWrite                                0x0000191c   ARM Code      96  lib_funcs.o(i.uartWrite)
    Inline Thumb to ARM Veneer to _get_lc_numeric 0x00001981   Thumb Code     4  lc_numeric_c.o(locale$$code)
    _get_lc_numeric                          0x00001984   ARM Code      80  lc_numeric_c.o(locale$$code)
    __aeabi_d2f                              0x000019d4   ARM Code       0  d2f.o(x$fpl$d2f)
    _d2f                                     0x000019d4   ARM Code     108  d2f.o(x$fpl$d2f)
    __aeabi_ddiv                             0x00001a40   ARM Code       0  ddiv.o(x$fpl$ddiv)
    _ddiv                                    0x00001a40   ARM Code     600  ddiv.o(x$fpl$ddiv)
    __aeabi_i2d                              0x00001d20   ARM Code       0  dflt_noclz.o(x$fpl$dflt)
    _dflt                                    0x00001d20   ARM Code      88  dflt_noclz.o(x$fpl$dflt)
    __dflt_normalise                         0x00001d30   ARM Code       0  dflt_noclz.o(x$fpl$dflt)
    __aeabi_dmul                             0x00001d78   ARM Code       0  dmul.o(x$fpl$dmul)
    _dmul                                    0x00001d78   ARM Code     372  dmul.o(x$fpl$dmul)
    __fpl_dnaninf                            0x00001ef8   ARM Code     192  dnaninf.o(x$fpl$dnaninf)
    __fpl_dretinf                            0x00001fb8   ARM Code      16  dretinf.o(x$fpl$dretinf)
    __aeabi_f2d                              0x00001fc8   ARM Code       0  f2d.o(x$fpl$f2d)
    _f2d                                     0x00001fc8   ARM Code     100  f2d.o(x$fpl$f2d)
    __fpl_fnaninf                            0x0000202c   ARM Code     168  fnaninf.o(x$fpl$fnaninf)
    __fpl_fretinf                            0x000020d4   ARM Code      16  fretinf.o(x$fpl$fretinf)
    Inline Thumb to ARM Veneer to __ieee_status 0x000020e5   Thumb Code     4  istatus.o(x$fpl$ieeestatus)
    __ieee_status                            0x000020e8   ARM Code       8  istatus.o(x$fpl$ieeestatus)
    _printf_fp_dec                           0x000020f0   ARM Code       4  printf1.o(x$fpl$printf1)
    __I$use$fp                               0x000020f4   Number         0  usenofp.o(x$fpl$usenofp)
    Region$$Table$$Base                      0x0000219c   Number         0  anon$$obj.o(Region$$Table)
    Region$$Table$$Limit                     0x000021bc   Number         0  anon$$obj.o(Region$$Table)
    __stdout                                 0x40000000   Data           4  lib_funcs.o(.data)
    __stdin                                  0x40000004   Data           4  lib_funcs.o(.data)
    __libspace_start                         0x40000008   Data          96  libspace.o(.bss)
    __temporary_stack_top$libspace           0x40000068   Data           0  libspace.o(.bss)



==============================================================================

Memory Map of the image

  Image Entry point : 0x00000110

  Load Region LR_IROM1 (Base: 0x00000000, Size: 0x000021e0, Max: 0x00080000, ABSOLUTE)

    Execution Region ER_IROM1 (Base: 0x00000000, Size: 0x000021d8, Max: 0x00080000, ABSOLUTE)

    Base Addr    Size         Type   Attr      Idx    E Section Name        Object

    0x00000000   0x00000110   Code   RO            3    RESET               startup.o
    0x00000110   0x00000008   Code   RO          167  * !!!main             c_t.l(__main.o)
    0x00000118   0x0000003c   Code   RO          437    !!!scatter          c_t.l(__scatter.o)
    0x00000154   0x00000028   Code   RO          439    !!handler_copy      c_t.l(__scatter_copy.o)
    0x0000017c   0x0000002c   Code   RO          441    !!handler_zi        c_t.l(__scatter_zi.o)
    0x000001a8   0x00000004   Ven    RO          164    .ARM.Collect$$_printf_percent$$00000000  c_t.l(_printf_percent.o)
    0x000001ac   0x00000000   Code   RO          164    .ARM.Collect$$_printf_percent$$00000000  c_t.l(_printf_percent.o)
    0x000001ac   0x00000008   Code   RO          163    .ARM.Collect$$_printf_percent$$00000003  c_t.l(_printf_f.o)
    0x000001b4   0x00000008   Code   RO          190    .ARM.Collect$$_printf_percent$$00000017  c_t.l(_printf_percent_end.o)
    0x000001bc   0x00000008   Ven    RO          300    .ARM.Collect$$libinit$$00000000  c_t.l(libinit.o)
    0x000001c4   0x00000002   Code   RO          300    .ARM.Collect$$libinit$$00000000  c_t.l(libinit.o)
    0x000001c6   0x00000000   Code   RO          302    .ARM.Collect$$libinit$$00000002  c_t.l(libinit2.o)
    0x000001c6   0x00000000   Code   RO          304    .ARM.Collect$$libinit$$00000004  c_t.l(libinit2.o)
    0x000001c6   0x00000000   Code   RO          307    .ARM.Collect$$libinit$$0000000A  c_t.l(libinit2.o)
    0x000001c6   0x00000000   Code   RO          309    .ARM.Collect$$libinit$$0000000C  c_t.l(libinit2.o)
    0x000001c6   0x00000000   Code   RO          311    .ARM.Collect$$libinit$$0000000E  c_t.l(libinit2.o)
    0x000001c6   0x00000006   Code   RO          312    .ARM.Collect$$libinit$$0000000F  c_t.l(libinit2.o)
    0x000001cc   0x00000000   Code   RO          314    .ARM.Collect$$libinit$$00000011  c_t.l(libinit2.o)
    0x000001cc   0x00000000   Code   RO          316    .ARM.Collect$$libinit$$00000013  c_t.l(libinit2.o)
    0x000001cc   0x00000000   Code   RO          318    .ARM.Collect$$libinit$$00000015  c_t.l(libinit2.o)
    0x000001cc   0x0000000a   Code   RO          319    .ARM.Collect$$libinit$$00000016  c_t.l(libinit2.o)
    0x000001d6   0x00000000   Code   RO          320    .ARM.Collect$$libinit$$00000017  c_t.l(libinit2.o)
    0x000001d6   0x00000000   Code   RO          322    .ARM.Collect$$libinit$$00000019  c_t.l(libinit2.o)
    0x000001d6   0x00000000   Code   RO          324    .ARM.Collect$$libinit$$0000001B  c_t.l(libinit2.o)
    0x000001d6   0x00000000   Code   RO          326    .ARM.Collect$$libinit$$0000001D  c_t.l(libinit2.o)
    0x000001d6   0x00000000   Code   RO          328    .ARM.Collect$$libinit$$0000001F  c_t.l(libinit2.o)
    0x000001d6   0x00000000   Code   RO          330    .ARM.Collect$$libinit$$00000021  c_t.l(libinit2.o)
    0x000001d6   0x00000000   Code   RO          332    .ARM.Collect$$libinit$$00000023  c_t.l(libinit2.o)
    0x000001d6   0x00000000   Code   RO          334    .ARM.Collect$$libinit$$00000025  c_t.l(libinit2.o)
    0x000001d6   0x00000000   Code   RO          338    .ARM.Collect$$libinit$$0000002C  c_t.l(libinit2.o)
    0x000001d6   0x00000000   Code   RO          340    .ARM.Collect$$libinit$$0000002E  c_t.l(libinit2.o)
    0x000001d6   0x00000000   Code   RO          342    .ARM.Collect$$libinit$$00000030  c_t.l(libinit2.o)
    0x000001d6   0x00000000   Code   RO          344    .ARM.Collect$$libinit$$00000032  c_t.l(libinit2.o)
    0x000001d6   0x0000000c   Code   RO          345    .ARM.Collect$$libinit$$00000033  c_t.l(libinit2.o)
    0x000001e2   0x00000002   PAD
    0x000001e4   0x00000008   Ven    RO          385    .ARM.Collect$$libshutdown$$00000000  c_t.l(libshutdown.o)
    0x000001ec   0x00000004   Code   RO          385    .ARM.Collect$$libshutdown$$00000000  c_t.l(libshutdown.o)
    0x000001f0   0x00000000   Code   RO          398    .ARM.Collect$$libshutdown$$00000002  c_t.l(libshutdown2.o)
    0x000001f0   0x00000000   Code   RO          400    .ARM.Collect$$libshutdown$$00000004  c_t.l(libshutdown2.o)
    0x000001f0   0x00000000   Code   RO          403    .ARM.Collect$$libshutdown$$00000007  c_t.l(libshutdown2.o)
    0x000001f0   0x00000000   Code   RO          406    .ARM.Collect$$libshutdown$$0000000A  c_t.l(libshutdown2.o)
    0x000001f0   0x00000000   Code   RO          408    .ARM.Collect$$libshutdown$$0000000C  c_t.l(libshutdown2.o)
    0x000001f0   0x00000000   Code   RO          411    .ARM.Collect$$libshutdown$$0000000F  c_t.l(libshutdown2.o)
    0x000001f0   0x00000006   Code   RO          412    .ARM.Collect$$libshutdown$$00000010  c_t.l(libshutdown2.o)
    0x000001f6   0x00000002   PAD
    0x000001f8   0x00000000   Code   RO          185    .ARM.Collect$$rtentry$$00000000  c_t.l(__rtentry.o)
    0x000001f8   0x00000000   Code   RO          201    .ARM.Collect$$rtentry$$00000002  c_t.l(__rtentry2.o)
    0x000001f8   0x00000008   Code   RO          213    .ARM.Collect$$rtentry$$00000004  c_t.l(__rtentry4.o)
    0x00000200   0x00000000   Code   RO          203    .ARM.Collect$$rtentry$$00000009  c_t.l(__rtentry2.o)
    0x00000200   0x00000004   Code   RO          204    .ARM.Collect$$rtentry$$0000000A  c_t.l(__rtentry2.o)
    0x00000204   0x00000000   Code   RO          206    .ARM.Collect$$rtentry$$0000000C  c_t.l(__rtentry2.o)
    0x00000204   0x00000028   Code   RO          207    .ARM.Collect$$rtentry$$0000000D  c_t.l(__rtentry2.o)
    0x0000022c   0x00000004   Ven    RO          346    .ARM.Collect$$rtexit$$00000000  c_t.l(rtexit.o)
    0x00000230   0x00000004   Code   RO          346    .ARM.Collect$$rtexit$$00000000  c_t.l(rtexit.o)
    0x00000234   0x00000000   Code   RO          357    .ARM.Collect$$rtexit$$00000002  c_t.l(rtexit2.o)
    0x00000234   0x00000004   Code   RO          358    .ARM.Collect$$rtexit$$00000003  c_t.l(rtexit2.o)
    0x00000238   0x00000008   Code   RO          359    .ARM.Collect$$rtexit$$00000004  c_t.l(rtexit2.o)
    0x00000240   0x00000020   Code   RO            4    .text               startup.o
    0x00000260   0x00000008   Ven    RO          135    .text               c_t.l(noretval__2printf.o)
    0x00000268   0x0000001c   Code   RO          135    .text               c_t.l(noretval__2printf.o)
    0x00000284   0x00000148   Code   RO          155    .text               c_t.l(__printf_flags_wp.o)
    0x000003cc   0x00000006   Code   RO          165    .text               c_t.l(heapauxi.o)
    0x000003d2   0x00000002   PAD
    0x000003d4   0x0000041c   Code   RO          186    .text               c_t.l(_printf_fp_dec.o)
    0x000007f0   0x0000002c   Code   RO          188    .text               c_t.l(_printf_char_file.o)
    0x0000081c   0x00000004   Ven    RO          218    .text               c_t.l(rt_locale_intlibspace.o)
    0x00000820   0x0000000c   Code   RO          218    .text               c_t.l(rt_locale_intlibspace.o)
    0x0000082c   0x00000004   Ven    RO          220    .text               c_t.l(lludiv10.o)
    0x00000830   0x000000a0   Code   RO          220    .text               c_t.l(lludiv10.o)
    0x000008d0   0x00000030   Code   RO          222    .text               c_t.l(_printf_char_common.o)
    0x00000900   0x00000090   Code   RO          224    .text               c_t.l(_printf_fp_infnan.o)
    0x00000990   0x000000d4   Code   RO          226    .text               c_t.l(bigflt0.o)
    0x00000a64   0x00000008   Code   RO          251    .text               c_t.l(ferror.o)
    0x00000a6c   0x00000004   Ven    RO          258    .text               c_t.l(rtudiv10.o)
    0x00000a70   0x0000002c   Code   RO          258    .text               c_t.l(rtudiv10.o)
    0x00000a9c   0x0000000c   Code   RO          264    .text               c_t.l(libspace.o)
    0x00000aa8   0x00000060   Code   RO          267    .text               c_t.l(sys_stackheap_outer.o)
    0x00000b08   0x00000014   Code   RO          275    .text               c_t.l(exit.o)
    0x00000b1c   0x000000f4   Code   RO          277    .text               c_t.l(strcmp.o)
    0x00000c10   0x00000004   Ven    RO          279    .text               c_t.l(aeabi_sdiv.o)
    0x00000c14   0x00000180   Code   RO          279    .text               c_t.l(aeabi_sdiv.o)
    0x00000d94   0x00000008   Ven    RO          371    .text               c_t.l(sys_exit.o)
    0x00000d9c   0x0000000c   Code   RO          371    .text               c_t.l(sys_exit.o)
    0x00000da8   0x00000004   Code   RO          386    .text               c_t.l(use_no_semi.o)
    0x00000dac   0x00000000   Code   RO          388    .text               c_t.l(indicate_semi.o)
    0x00000dac   0x00000004   Ven    RO          229    CL$$btod_d2e        c_t.l(btod.o)
    0x00000db0   0x00000038   Code   RO          229    CL$$btod_d2e        c_t.l(btod.o)
    0x00000de8   0x00000054   Code   RO          231    CL$$btod_d2e_denorm_low  c_t.l(btod.o)
    0x00000e3c   0x00000068   Code   RO          230    CL$$btod_d2e_norm_op1  c_t.l(btod.o)
    0x00000ea4   0x0000034c   Code   RO          239    CL$$btod_div_common  c_t.l(btod.o)
    0x000011f0   0x000000dc   Code   RO          236    CL$$btod_e2e        c_t.l(btod.o)
    0x000012cc   0x00000004   Ven    RO          233    CL$$btod_ediv       c_t.l(btod.o)
    0x000012d0   0x00000034   Code   RO          233    CL$$btod_ediv       c_t.l(btod.o)
    0x00001304   0x00000004   Ven    RO          232    CL$$btod_emul       c_t.l(btod.o)
    0x00001308   0x00000034   Code   RO          232    CL$$btod_emul       c_t.l(btod.o)
    0x0000133c   0x00000268   Code   RO          238    CL$$btod_mult_common  c_t.l(btod.o)
    0x000015a4   0x0000000c   Ven    RO          459    Veneer$$Code        anon$$obj.o
    0x000015b0   0x00000002   Code   RO          141    i.__ARM_common_call_via_r1  c_t.l(__printf.o)
    0x000015b2   0x00000002   Code   RO          139    i.__ARM_common_call_via_r2  c_t.l(__printf.o)
    0x000015b4   0x00000004   Ven    RO          262    i.__ARM_fpclassify  m_ts.l(fpclassify.o)
    0x000015b8   0x00000030   Code   RO          262    i.__ARM_fpclassify  m_ts.l(fpclassify.o)
    0x000015e8   0x0000000e   Code   RO          153    i._is_digit         c_t.l(__printf_wp.o)
    0x000015f6   0x00000002   PAD
    0x000015f8   0x0000002c   Code   RO           11    i.connectPLL0       lib_funcs.o
    0x00001624   0x0000001c   Code   RO           12    i.delayMS           lib_funcs.o
    0x00001640   0x0000003c   Code   RO           13    i.delayUS           lib_funcs.o
    0x0000167c   0x0000001c   Code   RO           14    i.feedSeq           lib_funcs.o
    0x00001698   0x00000020   Code   RO           16    i.fputc             lib_funcs.o
    0x000016b8   0x0000002c   Code   RO           17    i.initClocks        lib_funcs.o
    0x000016e4   0x00000024   Code   RO           18    i.initTimer0        lib_funcs.o
    0x00001708   0x00000048   Code   RO           19    i.initUART0         lib_funcs.o
    0x00001750   0x00000178   Code   RO          115    i.main              main.o
    0x000018c8   0x0000001c   Code   RO           20    i.setupPLL0         lib_funcs.o
    0x000018e4   0x0000001c   Code   RO           21    i.startTimer0       lib_funcs.o
    0x00001900   0x0000001c   Code   RO           22    i.stopTimer0        lib_funcs.o
    0x0000191c   0x00000064   Code   RO           24    i.uartWrite         lib_funcs.o
    0x00001980   0x00000004   Ven    RO          256    locale$$code        c_t.l(lc_numeric_c.o)
    0x00001984   0x00000050   Code   RO          256    locale$$code        c_t.l(lc_numeric_c.o)
    0x000019d4   0x0000006c   Code   RO          169    x$fpl$d2f           fz_ts.l(d2f.o)
    0x00001a40   0x000002e0   Code   RO          172    x$fpl$ddiv          fz_ts.l(ddiv.o)
    0x00001d20   0x00000058   Code   RO          176    x$fpl$dflt          fz_ts.l(dflt_noclz.o)
    0x00001d78   0x00000180   Code   RO          179    x$fpl$dmul          fz_ts.l(dmul.o)
    0x00001ef8   0x000000c0   Code   RO          191    x$fpl$dnaninf       fz_ts.l(dnaninf.o)
    0x00001fb8   0x00000010   Code   RO          193    x$fpl$dretinf       fz_ts.l(dretinf.o)
    0x00001fc8   0x00000064   Code   RO          181    x$fpl$f2d           fz_ts.l(f2d.o)
    0x0000202c   0x000000a8   Code   RO          195    x$fpl$fnaninf       fz_ts.l(fnaninf.o)
    0x000020d4   0x00000010   Code   RO          197    x$fpl$fretinf       fz_ts.l(fretinf.o)
    0x000020e4   0x00000004   Ven    RO          260    x$fpl$ieeestatus    fz_ts.l(istatus.o)
    0x000020e8   0x00000008   Code   RO          260    x$fpl$ieeestatus    fz_ts.l(istatus.o)
    0x000020f0   0x00000004   Code   RO          183    x$fpl$printf1       fz_ts.l(printf1.o)
    0x000020f4   0x00000000   Code   RO          199    x$fpl$usenofp       fz_ts.l(usenofp.o)
    0x000020f4   0x00000011   Data   RO          156    .constdata          c_t.l(__printf_flags_wp.o)
    0x00002105   0x00000003   PAD
    0x00002108   0x00000094   Data   RO          227    .constdata          c_t.l(bigflt0.o)
    0x0000219c   0x00000020   Data   RO          435    Region$$Table       anon$$obj.o
    0x000021bc   0x0000001c   Data   RO          255    locale$$data        c_t.l(lc_numeric_c.o)


    Execution Region RW_IRAM1 (Base: 0x40000000, Size: 0x000004f0, Max: 0x00008000, ABSOLUTE)

    Base Addr    Size         Type   Attr      Idx    E Section Name        Object

    0x40000000   0x00000008   Data   RW           25    .data               lib_funcs.o
    0x40000008   0x00000060   Zero   RW          265    .bss                c_t.l(libspace.o)
    0x40000068   0x00000000   Zero   RW            2    HEAP                startup.o
    0x40000068   0x00000488   Zero   RW            1    STACK               startup.o


==============================================================================

Image component sizes


      Code (inc. data)   RO Data    RW Data    ZI Data      Debug   Object Name

       528         40          0          8          0       8967   lib_funcs.o
       376         92          0          0          0        551   main.o
       304         60          0          0       1160        636   startup.o

    ----------------------------------------------------------------------
      1220        196         32          8       1160      10154   Object Totals
        12          4         32          0          0          0   (incl. Generated)
         0          0          0          0          0          0   (incl. Padding)

    ----------------------------------------------------------------------

      Code (inc. data)   RO Data    RW Data    ZI Data      Debug   Library Member Name

         8          0          0          0          0         68   __main.o
         4          0          0          0          0        120   __printf.o
       328          6         17          0          0         92   __printf_flags_wp.o
        14          0          0          0          0         60   __printf_wp.o
         0          0          0          0          0          0   __rtentry.o
        44          4          0          0          0          0   __rtentry2.o
         8          0          0          0          0          0   __rtentry4.o
        60          8          0          0          0          0   __scatter.o
        40          0          0          0          0          0   __scatter_copy.o
        44          0          0          0          0          0   __scatter_zi.o
        48          4          0          0          0         96   _printf_char_common.o
        44          6          0          0          0         88   _printf_char_file.o
         8          0          0          0          0          0   _printf_f.o
      1052         12          0          0          0        188   _printf_fp_dec.o
       144         16          0          0          0         88   _printf_fp_infnan.o
         4          0          0          0          0          0   _printf_percent.o
         8          0          0          0          0          0   _printf_percent_end.o
       388          0          0          0          0         80   aeabi_sdiv.o
       212          6        148          0          0         96   bigflt0.o
      2040        128          0          0          0        692   btod.o
        20          0          0          0          0         80   exit.o
         8          0          0          0          0         60   ferror.o
         6          0          0          0          0        136   heapauxi.o
         0          0          0          0          0          0   indicate_semi.o
        84          8         28          0          0         92   lc_numeric_c.o
        10          0          0          0          0          0   libinit.o
        28          0          0          0          0          0   libinit2.o
        12          0          0          0          0          0   libshutdown.o
         6          0          0          0          0          0   libshutdown2.o
        12          4          0          0         96         68   libspace.o
       164          0          0          0          0         96   lludiv10.o
        36          6          0          0          0         84   noretval__2printf.o
        16          4          0          0          0         68   rt_locale_intlibspace.o
         8          0          0          0          0          0   rtexit.o
        12          0          0          0          0          0   rtexit2.o
        48          0          0          0          0         68   rtudiv10.o
       244          4          0          0          0         80   strcmp.o
        20          4          0          0          0         60   sys_exit.o
        96          0          0          0          0         80   sys_stackheap_outer.o
         4          0          0          0          0         68   use_no_semi.o
       108          4          0          0          0         92   d2f.o
       736        140          0          0          0        228   ddiv.o
        88          0          0          0          0         68   dflt_noclz.o
       384         16          0          0          0        124   dmul.o
       192          0          0          0          0        108   dnaninf.o
        16          0          0          0          0         68   dretinf.o
       100          4          0          0          0         84   f2d.o
       168          0          0          0          0         96   fnaninf.o
        16          0          0          0          0         68   fretinf.o
        12          0          0          0          0         68   istatus.o
         4          0          0          0          0         68   printf1.o
         0          0          0          0          0          0   usenofp.o
        52          0          0          0          0         68   fpclassify.o

    ----------------------------------------------------------------------
      7216        384        196          0         96       3848   Library Totals
         8          0          3          0          0          0   (incl. Padding)

    ----------------------------------------------------------------------

      Code (inc. data)   RO Data    RW Data    ZI Data      Debug   Library Name

      5332        220        193          0         96       2708   c_t.l
      1824        164          0          0          0       1072   fz_ts.l
        52          0          0          0          0         68   m_ts.l

    ----------------------------------------------------------------------
      7216        384        196          0         96       3848   Library Totals

    ----------------------------------------------------------------------

==============================================================================


      Code (inc. data)   RO Data    RW Data    ZI Data      Debug   

      8436        580        228          8       1256      11562   Grand Totals
      8436        580        228          8       1256      11562   ELF Image Totals
      8436        580        228          8          0          0   ROM Totals

==============================================================================

    Total RO  Size (Code + RO Data)                 8664 (   8.46kB)
    Total RW  Size (RW Data + ZI Data)              1264 (   1.23kB)
    Total ROM Size (Code + RO Data + RW Data)       8672 (   8.47kB)

==============================================================================

